******************************************************************************
                  TI ARM Linker PC v18.12.2                    
******************************************************************************
>> Linked Wed Sep  4 22:36:38 2019

OUTPUT FILE NAME:   <GPIO.out>
ENTRY POINT SYMBOL: "_c_int00_noargs"  address: 00000b0d


MEMORY CONFIGURATION

         name            origin    length      used     unused   attr    fill
----------------------  --------  ---------  --------  --------  ----  --------
  FLASH                 00000000   00040000  00000c2a  0003f3d6  R  X
  SRAM                  20000000   00008000  00000222  00007dde  RW X


SEGMENT ALLOCATION MAP

run origin  load origin   length   init length attrs members
----------  ----------- ---------- ----------- ----- -------
00000000    00000000    00000c30   00000c30    r-x
  00000000    00000000    0000026c   0000026c    r-- .intvecs
  0000026c    0000026c    00000912   00000912    r-x .text
  00000b80    00000b80    0000007c   0000007c    r-- .const
  00000c00    00000c00    00000030   00000030    r-- .cinit
20000000    20000000    00000222   00000000    rw-
  20000000    20000000    00000200   00000000    rw- .stack
  20000200    20000200    0000001e   00000000    rw- .data
  2000021e    2000021e    00000004   00000000    rw- .bss


SECTION ALLOCATION MAP

 output                                  attributes/
section   page    origin      length       input sections
--------  ----  ----------  ----------   ----------------
.intvecs   0    00000000    0000026c     
                  00000000    0000026c     tm4c123gh6pm_startup_ccs.obj (.intvecs)

.text      0    0000026c    00000912     
                  0000026c    000001e0     main.obj (.text)
                  0000044c    00000158     mini_gpio.obj (.text)
                  000005a4    00000140     mini_adc.obj (.text)
                  000006e4    00000110     driverlib.lib : sysctl.obj (.text:SysCtlClockGet)
                  000007f4    000000f4     mini_timer.obj (.text)
                  000008e8    000000a0     mini_ssi.obj (.text)
                  00000988    0000009c     rtsv7M4_T_le_v4SPD16_eabi.lib : memcpy_t2.asm.obj (.text)
                  00000a24    00000068                                   : copy_decompress_lzss.c.obj (.text:decompress:lzss:__TI_decompress_lzss)
                  00000a8c    00000044                                   : autoinit.c.obj (.text:__TI_auto_init_nobinit_nopinit:__TI_auto_init_nobinit_nopinit)
                  00000ad0    0000003c     mini_interrupt.obj (.text)
                  00000b0c    00000034     rtsv7M4_T_le_v4SPD16_eabi.lib : boot_cortex_m.c.obj (.text:_c_int00_noargs:_c_int00_noargs)
                  00000b40    0000001c                                   : copy_zero_init.c.obj (.text:decompress:ZI:__TI_zero_init_nomemset:__TI_zero_init_nomemset)
                  00000b5c    0000000e                                   : copy_decompress_none.c.obj (.text:decompress:none:__TI_decompress_none)
                  00000b6a    0000000c     tm4c123gh6pm_startup_ccs.obj (.text)
                  00000b76    00000004     rtsv7M4_T_le_v4SPD16_eabi.lib : pre_init.c.obj (.text:_system_pre_init)
                  00000b7a    00000004                                   : exit.c.obj (.text:abort:abort)

.const     0    00000b80    0000007c     
                  00000b80    0000006c     driverlib.lib : sysctl.obj (.const:g_pui32Xtals)
                  00000bec    00000010     mini_interrupt.obj (.const:NVICEnableRegister)

.cinit     0    00000c00    00000030     
                  00000c00    0000000c     (__TI_handler_table)
                  00000c0c    00000004     --HOLE-- [fill = 0]
                  00000c10    00000008     (.cinit..bss.load) [load image, compression = zero_init]
                  00000c18    00000008     (.cinit..data.load) [load image, compression = lzss]
                  00000c20    00000010     (__TI_cinit_table)

.init_array 
*          0    00000000    00000000     UNINITIALIZED

.data      0    20000200    0000001e     UNINITIALIZED
                  20000200    0000001e     main.obj (.data)

.bss       0    2000021e    00000004     UNINITIALIZED
                  2000021e    00000004     main.obj (.bss:adcResult2)

.stack     0    20000000    00000200     UNINITIALIZED
                  20000000    00000004     rtsv7M4_T_le_v4SPD16_eabi.lib : boot_cortex_m.c.obj (.stack)
                  20000004    000001fc     --HOLE--

MODULE SUMMARY

       Module                         code   ro data   rw data
       ------                         ----   -------   -------
    .\
       tm4c123gh6pm_startup_ccs.obj   12     620       0      
       main.obj                       480    0         34     
    +--+------------------------------+------+---------+---------+
       Total:                         492    620       34     
                                                              
    .\mini_library\
       mini_gpio.obj                  344    0         0      
       mini_adc.obj                   320    0         0      
       mini_timer.obj                 244    0         0      
       mini_ssi.obj                   160    0         0      
       mini_interrupt.obj             60     16        0      
    +--+------------------------------+------+---------+---------+
       Total:                         1128   16        0      
                                                              
    E:/TI/TivaWare_2.1.4.178/driverlib/ccs/Debug/driverlib.lib
       sysctl.obj                     272    108       0      
    +--+------------------------------+------+---------+---------+
       Total:                         272    108       0      
                                                              
    E:\CCS9.0\ccs\tools\compiler\ti-cgt-arm_18.12.2.LTS\lib\rtsv7M4_T_le_v4SPD16_eabi.lib
       memcpy_t2.asm.obj              156    0         0      
       copy_decompress_lzss.c.obj     104    0         0      
       autoinit.c.obj                 68     0         0      
       boot_cortex_m.c.obj            52     0         0      
       copy_zero_init.c.obj           28     0         0      
       copy_decompress_none.c.obj     14     0         0      
       exit.c.obj                     4      0         0      
       pre_init.c.obj                 4      0         0      
    +--+------------------------------+------+---------+---------+
       Total:                         430    0         0      
                                                              
       Stack:                         0      0         512    
       Linker Generated:              0      44        0      
    +--+------------------------------+------+---------+---------+
       Grand Total:                   2322   788       546    


LINKER GENERATED COPY TABLES

__TI_cinit_table @ 00000c20 records: 2, size/record: 8, table size: 16
	.bss: load addr=00000c10, load size=00000008 bytes, run addr=2000021e, run size=00000004 bytes, compression=zero_init
	.data: load addr=00000c18, load size=00000008 bytes, run addr=20000200, run size=0000001e bytes, compression=lzss


LINKER GENERATED HANDLER TABLE

__TI_handler_table @ 00000c00 records: 3, size/record: 4, table size: 12
	index: 0, handler: __TI_decompress_lzss
	index: 1, handler: __TI_decompress_none
	index: 2, handler: __TI_zero_init


GLOBAL SYMBOLS: SORTED ALPHABETICALLY BY Name 

address   name                          
-------   ----                          
0000060f  ADC0SS3Configure              
0000028b  ADC0SS3Handler                
000005b9  ADC1SS2Configure              
0000026d  ADC1SS2Handler                
000006b3  ADCClearInterruptFlag         
000005a5  ADCClockEnable                
00000661  ADCReturnData                 
000006c9  ADCSS2ClearInterruptFlag      
00000671  ADCSS2ReturnData              
00000b7b  C$$EXIT                       
0000056b  GPIOAlternativeFuncEnable     
00000583  GPIOAnalogModeSelect          
0000044d  GPIOPeripheralEnable          
000004db  GPIOPinRead                   
000004f3  GPIOPinToggle                 
00000515  GPIOPinUnlock                 
000004bb  GPIOPinWrite                  
00000553  GPIOPulldownResisterEnable    
0000053b  GPIOPullupResisterEnable      
00000471  GPIOSetMode                   
00000af1  NVICIntCheck                  
00000ad1  NVICInterruptEnable           
00000b6b  ResetISR                      
00000943  SSI16bitWrite                 
000008e9  SSI2FrameConfigure            
000006e5  SysCtlClockGet                
000002a7  Timer0AHandler                
000002bb  Timer1AHandler                
00000863  TimerADCEnable                
00000809  TimerConfigure                
00000845  TimerEnable                   
000008ab  TimerInterruptEnable          
00000881  TimerLoadSet                  
000007f5  TimerPeripheralEnable         
20000200  __STACK_END                   
00000200  __STACK_SIZE                  
20000200  __STACK_TOP                   
00000c20  __TI_CINIT_Base               
00000c30  __TI_CINIT_Limit              
00000c00  __TI_Handler_Table_Base       
00000c0c  __TI_Handler_Table_Limit      
00000a8d  __TI_auto_init_nobinit_nopinit
00000a25  __TI_decompress_lzss          
00000b5d  __TI_decompress_none          
ffffffff  __TI_pprof_out_hndl           
ffffffff  __TI_prof_data_size           
ffffffff  __TI_prof_data_start          
00000000  __TI_static_base__            
00000b41  __TI_zero_init_nomemset       
00000989  __aeabi_memcpy                
00000989  __aeabi_memcpy4               
00000989  __aeabi_memcpy8               
ffffffff  __binit__                     
ffffffff  __c_args__                    
UNDEFED   __mpu_init                    
20000000  __stack                       
00000b0d  _c_int00_noargs               
UNDEFED   _system_post_cinit            
00000b77  _system_pre_init              
00000b7b  abort                         
ffffffff  binit                         
20000204  checkTime                     
00000000  g_pfnVectors                  
000008c5  getTimerAValue                
000008d3  getTimerBValue                
000002cf  main                          
00000989  memcpy                        
20000200  timerValue                    


GLOBAL SYMBOLS: SORTED BY Symbol Address 

address   name                          
-------   ----                          
00000000  __TI_static_base__            
00000000  g_pfnVectors                  
00000200  __STACK_SIZE                  
0000026d  ADC1SS2Handler                
0000028b  ADC0SS3Handler                
000002a7  Timer0AHandler                
000002bb  Timer1AHandler                
000002cf  main                          
0000044d  GPIOPeripheralEnable          
00000471  GPIOSetMode                   
000004bb  GPIOPinWrite                  
000004db  GPIOPinRead                   
000004f3  GPIOPinToggle                 
00000515  GPIOPinUnlock                 
0000053b  GPIOPullupResisterEnable      
00000553  GPIOPulldownResisterEnable    
0000056b  GPIOAlternativeFuncEnable     
00000583  GPIOAnalogModeSelect          
000005a5  ADCClockEnable                
000005b9  ADC1SS2Configure              
0000060f  ADC0SS3Configure              
00000661  ADCReturnData                 
00000671  ADCSS2ReturnData              
000006b3  ADCClearInterruptFlag         
000006c9  ADCSS2ClearInterruptFlag      
000006e5  SysCtlClockGet                
000007f5  TimerPeripheralEnable         
00000809  TimerConfigure                
00000845  TimerEnable                   
00000863  TimerADCEnable                
00000881  TimerLoadSet                  
000008ab  TimerInterruptEnable          
000008c5  getTimerAValue                
000008d3  getTimerBValue                
000008e9  SSI2FrameConfigure            
00000943  SSI16bitWrite                 
00000989  __aeabi_memcpy                
00000989  __aeabi_memcpy4               
00000989  __aeabi_memcpy8               
00000989  memcpy                        
00000a25  __TI_decompress_lzss          
00000a8d  __TI_auto_init_nobinit_nopinit
00000ad1  NVICInterruptEnable           
00000af1  NVICIntCheck                  
00000b0d  _c_int00_noargs               
00000b41  __TI_zero_init_nomemset       
00000b5d  __TI_decompress_none          
00000b6b  ResetISR                      
00000b77  _system_pre_init              
00000b7b  C$$EXIT                       
00000b7b  abort                         
00000c00  __TI_Handler_Table_Base       
00000c0c  __TI_Handler_Table_Limit      
00000c20  __TI_CINIT_Base               
00000c30  __TI_CINIT_Limit              
20000000  __stack                       
20000200  __STACK_END                   
20000200  __STACK_TOP                   
20000200  timerValue                    
20000204  checkTime                     
ffffffff  __TI_pprof_out_hndl           
ffffffff  __TI_prof_data_size           
ffffffff  __TI_prof_data_start          
ffffffff  __binit__                     
ffffffff  __c_args__                    
ffffffff  binit                         
UNDEFED   __mpu_init                    
UNDEFED   _system_post_cinit            

[68 symbols]
