******************************************************************************
                  TI ARM Linker PC v18.12.2                    
******************************************************************************
>> Linked Tue Feb 25 15:06:52 2020

OUTPUT FILE NAME:   <PedalProject.out>
ENTRY POINT SYMBOL: "_c_int00_noargs"  address: 0000162d


MEMORY CONFIGURATION

         name            origin    length      used     unused   attr    fill
----------------------  --------  ---------  --------  --------  ----  --------
  FLASH                 00000000   00040000  00001732  0003e8ce  R  X
  SRAM                  20000000   00008000  0000021a  00007de6  RW X


SEGMENT ALLOCATION MAP

run origin  load origin   length   init length attrs members
----------  ----------- ---------- ----------- ----- -------
00000000    00000000    00001738   00001738    r-x
  00000000    00000000    0000026c   0000026c    r-- .intvecs
  0000026c    0000026c    00001486   00001486    r-x .text
  000016f4    000016f4    00000010   00000010    r-- .const
  00001708    00001708    00000030   00000030    r-- .cinit
20000000    20000000    0000021a   00000000    rw-
  20000000    20000000    00000200   00000000    rw- .stack
  20000200    20000200    00000010   00000000    rw- .bss
  20000210    20000210    0000000a   00000000    rw- .data


SECTION ALLOCATION MAP

 output                                  attributes/
section   page    origin      length       input sections
--------  ----  ----------  ----------   ----------------
.intvecs   0    00000000    0000026c     
                  00000000    0000026c     tm4c123gh6pm_startup_ccs.obj (.intvecs)

.text      0    0000026c    00001486     
                  0000026c    000004ec     AudioProcess.obj (.text)
                  00000758    00000288     PeripheralConfigure.obj (.text)
                  000009e0    000001b6     rtsv7M4_T_le_v4SPD16_eabi.lib : fd_add_t2.asm.obj (.text)
                  00000b96    00000002     --HOLE-- [fill = 0]
                  00000b98    000001a8     mini_gpio.obj (.text)
                  00000d40    00000150     mini_adc.obj (.text)
                  00000e90    00000100     main.obj (.text)
                  00000f90    000000fc     mini_timer.obj (.text)
                  0000108c    000000fc     rtsv7M4_T_le_v4SPD16_eabi.lib : fd_mul_t2.asm.obj (.text)
                  00001188    000000f4     driverlib.lib : sysctl.obj (.text:SysCtlClockSet)
                  0000127c    000000a4     FastMathApproximation.obj (.text)
                  00001320    0000009c     rtsv7M4_T_le_v4SPD16_eabi.lib : memcpy_t2.asm.obj (.text)
                  000013bc    00000098     mini_ssi.obj (.text)
                  00001454    0000006e     rtsv7M4_T_le_v4SPD16_eabi.lib : fd_tos_t2.asm.obj (.text)
                  000014c2    00000068                                   : copy_decompress_lzss.c.obj (.text:decompress:lzss:__TI_decompress_lzss)
                  0000152a    00000048                                   : fd_toi_t2.asm.obj (.text)
                  00001572    00000002     --HOLE-- [fill = 0]
                  00001574    00000044                                   : autoinit.c.obj (.text:__TI_auto_init_nobinit_nopinit:__TI_auto_init_nobinit_nopinit)
                  000015b8    0000003c     mini_interrupt.obj (.text)
                  000015f4    00000038     rtsv7M4_T_le_v4SPD16_eabi.lib : fs_tod_t2.asm.obj (.text)
                  0000162c    00000034                                   : boot_cortex_m.c.obj (.text:_c_int00_noargs:_c_int00_noargs)
                  00001660    0000002e                                   : i_tofd_t2.asm.obj (.text)
                  0000168e    00000020                                   : u_tofd_t2.asm.obj (.text)
                  000016ae    0000001c                                   : copy_zero_init.c.obj (.text:decompress:ZI:__TI_zero_init_nomemset:__TI_zero_init_nomemset)
                  000016ca    0000000e                                   : copy_decompress_none.c.obj (.text:decompress:none:__TI_decompress_none)
                  000016d8    0000000c     tm4c123gh6pm_startup_ccs.obj (.text)
                  000016e4    00000006     driverlib.lib : sysctl.obj (.text:SysCtlDelay)
                  000016ea    00000004     rtsv7M4_T_le_v4SPD16_eabi.lib : pre_init.c.obj (.text:_system_pre_init)
                  000016ee    00000004                                   : exit.c.obj (.text:abort:abort)

.const     0    000016f4    00000010     
                  000016f4    00000010     mini_interrupt.obj (.const:NVICEnableRegister)

.cinit     0    00001708    00000030     
                  00001708    0000000c     (__TI_handler_table)
                  00001714    0000000a     (.cinit..data.load) [load image, compression = lzss]
                  0000171e    00000002     --HOLE-- [fill = 0]
                  00001720    00000008     (.cinit..bss.load) [load image, compression = zero_init]
                  00001728    00000010     (__TI_cinit_table)

.init_array 
*          0    00000000    00000000     UNINITIALIZED

.bss       0    20000200    00000010     UNINITIALIZED
                  20000200    00000010     (.common:parameter)

.data      0    20000210    0000000a     UNINITIALIZED
                  20000210    0000000a     main.obj (.data)

.stack     0    20000000    00000200     UNINITIALIZED
                  20000000    00000004     rtsv7M4_T_le_v4SPD16_eabi.lib : boot_cortex_m.c.obj (.stack)
                  20000004    000001fc     --HOLE--

MODULE SUMMARY

       Module                         code   ro data   rw data
       ------                         ----   -------   -------
    .\
       tm4c123gh6pm_startup_ccs.obj   12     620       0      
       main.obj                       256    0         26     
    +--+------------------------------+------+---------+---------+
       Total:                         268    620       26     
                                                              
    .\AudioProcess\
       AudioProcess.obj               1260   0         0      
       FastMathApproximation.obj      164    0         0      
    +--+------------------------------+------+---------+---------+
       Total:                         1424   0         0      
                                                              
    .\PeripheralConfigure\
       PeripheralConfigure.obj        648    0         0      
    +--+------------------------------+------+---------+---------+
       Total:                         648    0         0      
                                                              
    .\mini_library\
       mini_gpio.obj                  424    0         0      
       mini_adc.obj                   336    0         0      
       mini_timer.obj                 252    0         0      
       mini_ssi.obj                   152    0         0      
       mini_interrupt.obj             60     16        0      
    +--+------------------------------+------+---------+---------+
       Total:                         1224   16        0      
                                                              
    E:/TI/TivaWare_2.1.4.178/driverlib/ccs/Debug/driverlib.lib
       sysctl.obj                     250    0         0      
    +--+------------------------------+------+---------+---------+
       Total:                         250    0         0      
                                                              
    E:\CCS9.0\ccs\tools\compiler\ti-cgt-arm_18.12.2.LTS\lib\rtsv7M4_T_le_v4SPD16_eabi.lib
       fd_add_t2.asm.obj              438    0         0      
       fd_mul_t2.asm.obj              252    0         0      
       memcpy_t2.asm.obj              156    0         0      
       fd_tos_t2.asm.obj              110    0         0      
       copy_decompress_lzss.c.obj     104    0         0      
       fd_toi_t2.asm.obj              72     0         0      
       autoinit.c.obj                 68     0         0      
       fs_tod_t2.asm.obj              56     0         0      
       boot_cortex_m.c.obj            52     0         0      
       i_tofd_t2.asm.obj              46     0         0      
       u_tofd_t2.asm.obj              32     0         0      
       copy_zero_init.c.obj           28     0         0      
       copy_decompress_none.c.obj     14     0         0      
       exit.c.obj                     4      0         0      
       pre_init.c.obj                 4      0         0      
    +--+------------------------------+------+---------+---------+
       Total:                         1436   0         0      
                                                              
       Stack:                         0      0         512    
       Linker Generated:              0      46        0      
    +--+------------------------------+------+---------+---------+
       Grand Total:                   5250   682       538    


LINKER GENERATED COPY TABLES

__TI_cinit_table @ 00001728 records: 2, size/record: 8, table size: 16
	.data: load addr=00001714, load size=0000000a bytes, run addr=20000210, run size=0000000a bytes, compression=lzss
	.bss: load addr=00001720, load size=00000008 bytes, run addr=20000200, run size=00000010 bytes, compression=zero_init


LINKER GENERATED HANDLER TABLE

__TI_handler_table @ 00001708 records: 3, size/record: 4, table size: 12
	index: 0, handler: __TI_decompress_lzss
	index: 1, handler: __TI_decompress_none
	index: 2, handler: __TI_zero_init


GLOBAL SYMBOLS: SORTED ALPHABETICALLY BY Name 

address   name                          
-------   ----                          
00000e91  ADC0SS3Handler                
00000ebf  ADC1SS2Handler                
00000e5b  ADCClearInterruptFlag         
00000d41  ADCClockEnable                
00000877  ADCConfigure                  
00000e71  ADCSS2ClearInterruptFlag      
00000d55  ADCSS2Configure               
00000e0f  ADCSS2ReturnData              
00000dad  ADCSS3Configure               
00000dff  ADCSS3ReturnData              
0000026d  AudioProcessSampleBySample    
000016ef  C$$EXIT                       
0000127d  FastTanh                      
00000cb7  GPIOAlternativeFuncEnable     
00000ccf  GPIOAnalogModeSelect          
00000d25  GPIOIntPinStatus              
00000ce7  GPIOInterruptEnable           
00000b99  GPIOPeripheralEnable          
00000c27  GPIOPinRead                   
00000c3f  GPIOPinToggle                 
00000c61  GPIOPinUnlock                 
00000c07  GPIOPinWrite                  
00000eeb  GPIOPortAIntHandler           
00000c9f  GPIOPulldownResisterEnable    
00000c87  GPIOPullupResisterEnable      
00000bbd  GPIOSetMode                   
000008c3  GPIOSwitchInterruptEnable     
00000759  GeneralConfigure              
00000407  HardClippingEffect            
000008f7  LEDIndicator                  
000015d9  NVICIntCheck                  
000015b9  NVICInterruptEnable           
00000321  ParameterProcessing           
000016d9  ResetISR                      
00001417  SSI1_16bitWrite               
000013bd  SSI1_FrameConfigure           
0000048f  SoftClippingEffect1           
00000557  SoftClippingEffect2           
00001189  SysCtlClockSet                
000016e5  SysCtlDelay                   
0000064d  TanhDistortionEffect          
000007bd  Timer0A_ADCConfigure          
00000ecb  Timer1AHandler                
000007f1  Timer1A_Configure             
00000edf  Timer2AHandler                
00000833  Timer2A_SSIConfigure          
0000100b  TimerADCEnable                
00000fa5  TimerConfigure                
00000fed  TimerEnable                   
00001053  TimerInterruptEnable          
00001029  TimerLoadSet                  
00000f91  TimerPeripheralEnable         
20000200  __STACK_END                   
00000200  __STACK_SIZE                  
20000200  __STACK_TOP                   
00001728  __TI_CINIT_Base               
00001738  __TI_CINIT_Limit              
00001708  __TI_Handler_Table_Base       
00001714  __TI_Handler_Table_Limit      
00001575  __TI_auto_init_nobinit_nopinit
000014c3  __TI_decompress_lzss          
000016cb  __TI_decompress_none          
ffffffff  __TI_pprof_out_hndl           
ffffffff  __TI_prof_data_size           
ffffffff  __TI_prof_data_start          
00000000  __TI_static_base__            
000016af  __TI_zero_init_nomemset       
00001455  __aeabi_d2f                   
0000152b  __aeabi_d2iz                  
000009eb  __aeabi_dadd                  
0000108d  __aeabi_dmul                  
000009e1  __aeabi_dsub                  
000015f5  __aeabi_f2d                   
00001661  __aeabi_i2d                   
00001321  __aeabi_memcpy                
00001321  __aeabi_memcpy4               
00001321  __aeabi_memcpy8               
0000168f  __aeabi_ui2d                  
ffffffff  __binit__                     
ffffffff  __c_args__                    
UNDEFED   __mpu_init                    
20000000  __stack                       
0000162d  _c_int00_noargs               
UNDEFED   _system_post_cinit            
000016eb  _system_pre_init              
000016ef  abort                         
ffffffff  binit                         
20000219  bypassed                      
20000216  debouncingCount               
00000000  g_pfnVectors                  
0000106d  getTimerAValue                
0000107b  getTimerBValue                
20000210  input                         
00000f29  main                          
00001321  memcpy                        
20000218  mode                          
20000215  onOffPedal                    
20000212  output                        
20000200  parameter                     
20000214  pedalMode                     


GLOBAL SYMBOLS: SORTED BY Symbol Address 

address   name                          
-------   ----                          
00000000  __TI_static_base__            
00000000  g_pfnVectors                  
00000200  __STACK_SIZE                  
0000026d  AudioProcessSampleBySample    
00000321  ParameterProcessing           
00000407  HardClippingEffect            
0000048f  SoftClippingEffect1           
00000557  SoftClippingEffect2           
0000064d  TanhDistortionEffect          
00000759  GeneralConfigure              
000007bd  Timer0A_ADCConfigure          
000007f1  Timer1A_Configure             
00000833  Timer2A_SSIConfigure          
00000877  ADCConfigure                  
000008c3  GPIOSwitchInterruptEnable     
000008f7  LEDIndicator                  
000009e1  __aeabi_dsub                  
000009eb  __aeabi_dadd                  
00000b99  GPIOPeripheralEnable          
00000bbd  GPIOSetMode                   
00000c07  GPIOPinWrite                  
00000c27  GPIOPinRead                   
00000c3f  GPIOPinToggle                 
00000c61  GPIOPinUnlock                 
00000c87  GPIOPullupResisterEnable      
00000c9f  GPIOPulldownResisterEnable    
00000cb7  GPIOAlternativeFuncEnable     
00000ccf  GPIOAnalogModeSelect          
00000ce7  GPIOInterruptEnable           
00000d25  GPIOIntPinStatus              
00000d41  ADCClockEnable                
00000d55  ADCSS2Configure               
00000dad  ADCSS3Configure               
00000dff  ADCSS3ReturnData              
00000e0f  ADCSS2ReturnData              
00000e5b  ADCClearInterruptFlag         
00000e71  ADCSS2ClearInterruptFlag      
00000e91  ADC0SS3Handler                
00000ebf  ADC1SS2Handler                
00000ecb  Timer1AHandler                
00000edf  Timer2AHandler                
00000eeb  GPIOPortAIntHandler           
00000f29  main                          
00000f91  TimerPeripheralEnable         
00000fa5  TimerConfigure                
00000fed  TimerEnable                   
0000100b  TimerADCEnable                
00001029  TimerLoadSet                  
00001053  TimerInterruptEnable          
0000106d  getTimerAValue                
0000107b  getTimerBValue                
0000108d  __aeabi_dmul                  
00001189  SysCtlClockSet                
0000127d  FastTanh                      
00001321  __aeabi_memcpy                
00001321  __aeabi_memcpy4               
00001321  __aeabi_memcpy8               
00001321  memcpy                        
000013bd  SSI1_FrameConfigure           
00001417  SSI1_16bitWrite               
00001455  __aeabi_d2f                   
000014c3  __TI_decompress_lzss          
0000152b  __aeabi_d2iz                  
00001575  __TI_auto_init_nobinit_nopinit
000015b9  NVICInterruptEnable           
000015d9  NVICIntCheck                  
000015f5  __aeabi_f2d                   
0000162d  _c_int00_noargs               
00001661  __aeabi_i2d                   
0000168f  __aeabi_ui2d                  
000016af  __TI_zero_init_nomemset       
000016cb  __TI_decompress_none          
000016d9  ResetISR                      
000016e5  SysCtlDelay                   
000016eb  _system_pre_init              
000016ef  C$$EXIT                       
000016ef  abort                         
00001708  __TI_Handler_Table_Base       
00001714  __TI_Handler_Table_Limit      
00001728  __TI_CINIT_Base               
00001738  __TI_CINIT_Limit              
20000000  __stack                       
20000200  __STACK_END                   
20000200  __STACK_TOP                   
20000200  parameter                     
20000210  input                         
20000212  output                        
20000214  pedalMode                     
20000215  onOffPedal                    
20000216  debouncingCount               
20000218  mode                          
20000219  bypassed                      
ffffffff  __TI_pprof_out_hndl           
ffffffff  __TI_prof_data_size           
ffffffff  __TI_prof_data_start          
ffffffff  __binit__                     
ffffffff  __c_args__                    
ffffffff  binit                         
UNDEFED   __mpu_init                    
UNDEFED   _system_post_cinit            

[100 symbols]
