<?xml version="1.0" encoding="ISO-8859-1" ?>
<link_info>
   <banner>TI ARM Linker PC v18.12.2.LTS</banner>
   <copyright>Copyright (c) 1996-2018 Texas Instruments Incorporated</copyright>
   <link_time>0x5e54d59c</link_time>
   <link_errors>0x0</link_errors>
   <output_file>PedalProject.out</output_file>
   <entry_point>
      <name>_c_int00_noargs</name>
      <address>0x162d</address>
   </entry_point>
   <input_file_list>
      <input_file id="fl-2">
         <path>.\</path>
         <kind>object</kind>
         <file>main.obj</file>
         <name>main.obj</name>
      </input_file>
      <input_file id="fl-3">
         <path>.\</path>
         <kind>object</kind>
         <file>tm4c123gh6pm_startup_ccs.obj</file>
         <name>tm4c123gh6pm_startup_ccs.obj</name>
      </input_file>
      <input_file id="fl-4">
         <path>.\AudioProcess\</path>
         <kind>object</kind>
         <file>AudioProcess.obj</file>
         <name>AudioProcess.obj</name>
      </input_file>
      <input_file id="fl-5">
         <path>.\AudioProcess\</path>
         <kind>object</kind>
         <file>FastMathApproximation.obj</file>
         <name>FastMathApproximation.obj</name>
      </input_file>
      <input_file id="fl-6">
         <path>.\Examples\</path>
         <kind>object</kind>
         <file>Draft.obj</file>
         <name>Draft.obj</name>
      </input_file>
      <input_file id="fl-7">
         <path>.\Examples\</path>
         <kind>object</kind>
         <file>InputOutputLED.obj</file>
         <name>InputOutputLED.obj</name>
      </input_file>
      <input_file id="fl-8">
         <path>.\Examples\</path>
         <kind>object</kind>
         <file>TimerInterrupt.obj</file>
         <name>TimerInterrupt.obj</name>
      </input_file>
      <input_file id="fl-9">
         <path>.\PeripheralConfigure\</path>
         <kind>object</kind>
         <file>PeripheralConfigure.obj</file>
         <name>PeripheralConfigure.obj</name>
      </input_file>
      <input_file id="fl-a">
         <path>.\mini_library\</path>
         <kind>object</kind>
         <file>mini_adc.obj</file>
         <name>mini_adc.obj</name>
      </input_file>
      <input_file id="fl-b">
         <path>.\mini_library\</path>
         <kind>object</kind>
         <file>mini_gpio.obj</file>
         <name>mini_gpio.obj</name>
      </input_file>
      <input_file id="fl-c">
         <path>.\mini_library\</path>
         <kind>object</kind>
         <file>mini_interrupt.obj</file>
         <name>mini_interrupt.obj</name>
      </input_file>
      <input_file id="fl-d">
         <path>.\mini_library\</path>
         <kind>object</kind>
         <file>mini_ssi.obj</file>
         <name>mini_ssi.obj</name>
      </input_file>
      <input_file id="fl-e">
         <path>.\mini_library\</path>
         <kind>object</kind>
         <file>mini_sysctl.obj</file>
         <name>mini_sysctl.obj</name>
      </input_file>
      <input_file id="fl-f">
         <path>.\mini_library\</path>
         <kind>object</kind>
         <file>mini_timer.obj</file>
         <name>mini_timer.obj</name>
      </input_file>
      <input_file id="fl-14">
         <kind>object</kind>
         <file>&lt;internal&gt;</file>
         <name>&lt;internal&gt;</name>
      </input_file>
      <input_file id="fl-15">
         <path>E:\TI\TivaWare_2.1.4.178\driverlib\ccs\Debug\</path>
         <kind>archive</kind>
         <file>driverlib.lib</file>
         <name>sysctl.obj</name>
      </input_file>
      <input_file id="fl-16">
         <path>E:\TI\TivaWare_2.1.4.178\driverlib\ccs\Debug\</path>
         <kind>archive</kind>
         <file>driverlib.lib</file>
         <name>cpu.obj</name>
      </input_file>
      <input_file id="fl-17">
         <path>E:\TI\TivaWare_2.1.4.178\driverlib\ccs\Debug\</path>
         <kind>archive</kind>
         <file>driverlib.lib</file>
         <name>interrupt.obj</name>
      </input_file>
      <input_file id="fl-cd">
         <path>E:\CCS9.0\ccs\tools\compiler\ti-cgt-arm_18.12.2.LTS\lib\</path>
         <kind>archive</kind>
         <file>rtsv7M4_T_le_v4SPD16_eabi.lib</file>
         <name>fd_add_t2.asm.obj</name>
      </input_file>
      <input_file id="fl-ce">
         <path>E:\CCS9.0\ccs\tools\compiler\ti-cgt-arm_18.12.2.LTS\lib\</path>
         <kind>archive</kind>
         <file>rtsv7M4_T_le_v4SPD16_eabi.lib</file>
         <name>fd_mul_t2.asm.obj</name>
      </input_file>
      <input_file id="fl-cf">
         <path>E:\CCS9.0\ccs\tools\compiler\ti-cgt-arm_18.12.2.LTS\lib\</path>
         <kind>archive</kind>
         <file>rtsv7M4_T_le_v4SPD16_eabi.lib</file>
         <name>fd_toi_t2.asm.obj</name>
      </input_file>
      <input_file id="fl-d0">
         <path>E:\CCS9.0\ccs\tools\compiler\ti-cgt-arm_18.12.2.LTS\lib\</path>
         <kind>archive</kind>
         <file>rtsv7M4_T_le_v4SPD16_eabi.lib</file>
         <name>fd_tos_t2.asm.obj</name>
      </input_file>
      <input_file id="fl-d1">
         <path>E:\CCS9.0\ccs\tools\compiler\ti-cgt-arm_18.12.2.LTS\lib\</path>
         <kind>archive</kind>
         <file>rtsv7M4_T_le_v4SPD16_eabi.lib</file>
         <name>fs_tod_t2.asm.obj</name>
      </input_file>
      <input_file id="fl-d2">
         <path>E:\CCS9.0\ccs\tools\compiler\ti-cgt-arm_18.12.2.LTS\lib\</path>
         <kind>archive</kind>
         <file>rtsv7M4_T_le_v4SPD16_eabi.lib</file>
         <name>i_tofd_t2.asm.obj</name>
      </input_file>
      <input_file id="fl-d3">
         <path>E:\CCS9.0\ccs\tools\compiler\ti-cgt-arm_18.12.2.LTS\lib\</path>
         <kind>archive</kind>
         <file>rtsv7M4_T_le_v4SPD16_eabi.lib</file>
         <name>u_tofd_t2.asm.obj</name>
      </input_file>
      <input_file id="fl-d4">
         <path>E:\CCS9.0\ccs\tools\compiler\ti-cgt-arm_18.12.2.LTS\lib\</path>
         <kind>archive</kind>
         <file>rtsv7M4_T_le_v4SPD16_eabi.lib</file>
         <name>copy_zero_init.c.obj</name>
      </input_file>
      <input_file id="fl-d5">
         <path>E:\CCS9.0\ccs\tools\compiler\ti-cgt-arm_18.12.2.LTS\lib\</path>
         <kind>archive</kind>
         <file>rtsv7M4_T_le_v4SPD16_eabi.lib</file>
         <name>copy_decompress_none.c.obj</name>
      </input_file>
      <input_file id="fl-d6">
         <path>E:\CCS9.0\ccs\tools\compiler\ti-cgt-arm_18.12.2.LTS\lib\</path>
         <kind>archive</kind>
         <file>rtsv7M4_T_le_v4SPD16_eabi.lib</file>
         <name>copy_decompress_lzss.c.obj</name>
      </input_file>
      <input_file id="fl-d7">
         <path>E:\CCS9.0\ccs\tools\compiler\ti-cgt-arm_18.12.2.LTS\lib\</path>
         <kind>archive</kind>
         <file>rtsv7M4_T_le_v4SPD16_eabi.lib</file>
         <name>boot_cortex_m.c.obj</name>
      </input_file>
      <input_file id="fl-d8">
         <path>E:\CCS9.0\ccs\tools\compiler\ti-cgt-arm_18.12.2.LTS\lib\</path>
         <kind>archive</kind>
         <file>rtsv7M4_T_le_v4SPD16_eabi.lib</file>
         <name>memset_t2.asm.obj</name>
      </input_file>
      <input_file id="fl-d9">
         <path>E:\CCS9.0\ccs\tools\compiler\ti-cgt-arm_18.12.2.LTS\lib\</path>
         <kind>archive</kind>
         <file>rtsv7M4_T_le_v4SPD16_eabi.lib</file>
         <name>memcpy_t2.asm.obj</name>
      </input_file>
      <input_file id="fl-da">
         <path>E:\CCS9.0\ccs\tools\compiler\ti-cgt-arm_18.12.2.LTS\lib\</path>
         <kind>archive</kind>
         <file>rtsv7M4_T_le_v4SPD16_eabi.lib</file>
         <name>autoinit.c.obj</name>
      </input_file>
      <input_file id="fl-db">
         <path>E:\CCS9.0\ccs\tools\compiler\ti-cgt-arm_18.12.2.LTS\lib\</path>
         <kind>archive</kind>
         <file>rtsv7M4_T_le_v4SPD16_eabi.lib</file>
         <name>pre_init.c.obj</name>
      </input_file>
      <input_file id="fl-dc">
         <path>E:\CCS9.0\ccs\tools\compiler\ti-cgt-arm_18.12.2.LTS\lib\</path>
         <kind>archive</kind>
         <file>rtsv7M4_T_le_v4SPD16_eabi.lib</file>
         <name>cpy_tbl.c.obj</name>
      </input_file>
      <input_file id="fl-dd">
         <path>E:\CCS9.0\ccs\tools\compiler\ti-cgt-arm_18.12.2.LTS\lib\</path>
         <kind>archive</kind>
         <file>rtsv7M4_T_le_v4SPD16_eabi.lib</file>
         <name>exit.c.obj</name>
      </input_file>
      <input_file id="fl-de">
         <path>E:\CCS9.0\ccs\tools\compiler\ti-cgt-arm_18.12.2.LTS\lib\</path>
         <kind>archive</kind>
         <file>rtsv7M4_T_le_v4SPD16_eabi.lib</file>
         <name>_lock.c.obj</name>
      </input_file>
      <input_file id="fl-df">
         <path>E:\CCS9.0\ccs\tools\compiler\ti-cgt-arm_18.12.2.LTS\lib\</path>
         <kind>archive</kind>
         <file>rtsv7M4_T_le_v4SPD16_eabi.lib</file>
         <name>args_main.c.obj</name>
      </input_file>
   </input_file_list>
   <object_component_list>
      <object_component id="oc-f">
         <name>.intvecs</name>
         <load_address>0x0</load_address>
         <run_address>0x0</run_address>
         <size>0x26c</size>
         <input_file_ref idref="fl-3"/>
      </object_component>
      <object_component id="oc-77">
         <name>.text</name>
         <load_address>0x26c</load_address>
         <run_address>0x26c</run_address>
         <size>0x4ec</size>
         <input_file_ref idref="fl-4"/>
      </object_component>
      <object_component id="oc-89">
         <name>.text</name>
         <load_address>0x758</load_address>
         <run_address>0x758</run_address>
         <size>0x288</size>
         <input_file_ref idref="fl-9"/>
      </object_component>
      <object_component id="oc-e5">
         <name>.text</name>
         <load_address>0x9e0</load_address>
         <run_address>0x9e0</run_address>
         <size>0x1b6</size>
         <input_file_ref idref="fl-cd"/>
      </object_component>
      <object_component id="oc-83">
         <name>.text</name>
         <load_address>0xb98</load_address>
         <run_address>0xb98</run_address>
         <size>0x1a8</size>
         <input_file_ref idref="fl-b"/>
      </object_component>
      <object_component id="oc-71">
         <name>.text</name>
         <load_address>0xd40</load_address>
         <run_address>0xd40</run_address>
         <size>0x150</size>
         <input_file_ref idref="fl-a"/>
      </object_component>
      <object_component id="oc-2a">
         <name>.text</name>
         <load_address>0xe90</load_address>
         <run_address>0xe90</run_address>
         <size>0x100</size>
         <input_file_ref idref="fl-2"/>
      </object_component>
      <object_component id="oc-109">
         <name>.text</name>
         <load_address>0xf90</load_address>
         <run_address>0xf90</run_address>
         <size>0xfc</size>
         <input_file_ref idref="fl-f"/>
      </object_component>
      <object_component id="oc-db">
         <name>.text</name>
         <load_address>0x108c</load_address>
         <run_address>0x108c</run_address>
         <size>0xfc</size>
         <input_file_ref idref="fl-ce"/>
      </object_component>
      <object_component id="oc-103">
         <name>.text:SysCtlClockSet</name>
         <load_address>0x1188</load_address>
         <run_address>0x1188</run_address>
         <size>0xf4</size>
         <input_file_ref idref="fl-15"/>
      </object_component>
      <object_component id="oc-f9">
         <name>.text</name>
         <load_address>0x127c</load_address>
         <run_address>0x127c</run_address>
         <size>0xa4</size>
         <input_file_ref idref="fl-5"/>
      </object_component>
      <object_component id="oc-3e">
         <name>.text</name>
         <load_address>0x1320</load_address>
         <run_address>0x1320</run_address>
         <size>0x9c</size>
         <input_file_ref idref="fl-d9"/>
      </object_component>
      <object_component id="oc-7d">
         <name>.text</name>
         <load_address>0x13bc</load_address>
         <run_address>0x13bc</run_address>
         <size>0x98</size>
         <input_file_ref idref="fl-d"/>
      </object_component>
      <object_component id="oc-ea">
         <name>.text</name>
         <load_address>0x1454</load_address>
         <run_address>0x1454</run_address>
         <size>0x6e</size>
         <input_file_ref idref="fl-d0"/>
      </object_component>
      <object_component id="oc-12">
         <name>.text:decompress:lzss:__TI_decompress_lzss</name>
         <load_address>0x14c2</load_address>
         <run_address>0x14c2</run_address>
         <size>0x68</size>
         <input_file_ref idref="fl-d6"/>
      </object_component>
      <object_component id="oc-e0">
         <name>.text</name>
         <load_address>0x152a</load_address>
         <run_address>0x152a</run_address>
         <size>0x48</size>
         <input_file_ref idref="fl-cf"/>
      </object_component>
      <object_component id="oc-13b">
         <name>.text:__TI_auto_init_nobinit_nopinit:__TI_auto_init_nobinit_nopinit</name>
         <load_address>0x1574</load_address>
         <run_address>0x1574</run_address>
         <size>0x44</size>
         <input_file_ref idref="fl-da"/>
      </object_component>
      <object_component id="oc-10f">
         <name>.text</name>
         <load_address>0x15b8</load_address>
         <run_address>0x15b8</run_address>
         <size>0x3c</size>
         <input_file_ref idref="fl-c"/>
      </object_component>
      <object_component id="oc-ef">
         <name>.text</name>
         <load_address>0x15f4</load_address>
         <run_address>0x15f4</run_address>
         <size>0x38</size>
         <input_file_ref idref="fl-d1"/>
      </object_component>
      <object_component id="oc-5c">
         <name>.text:_c_int00_noargs:_c_int00_noargs</name>
         <load_address>0x162c</load_address>
         <run_address>0x162c</run_address>
         <size>0x34</size>
         <input_file_ref idref="fl-d7"/>
      </object_component>
      <object_component id="oc-f4">
         <name>.text</name>
         <load_address>0x1660</load_address>
         <run_address>0x1660</run_address>
         <size>0x2e</size>
         <input_file_ref idref="fl-d2"/>
      </object_component>
      <object_component id="oc-d6">
         <name>.text</name>
         <load_address>0x168e</load_address>
         <run_address>0x168e</run_address>
         <size>0x20</size>
         <input_file_ref idref="fl-d3"/>
      </object_component>
      <object_component id="oc-4a">
         <name>.text:decompress:ZI:__TI_zero_init_nomemset:__TI_zero_init_nomemset</name>
         <load_address>0x16ae</load_address>
         <run_address>0x16ae</run_address>
         <size>0x1c</size>
         <input_file_ref idref="fl-d4"/>
      </object_component>
      <object_component id="oc-18">
         <name>.text:decompress:none:__TI_decompress_none</name>
         <load_address>0x16ca</load_address>
         <run_address>0x16ca</run_address>
         <size>0xe</size>
         <input_file_ref idref="fl-d5"/>
      </object_component>
      <object_component id="oc-24">
         <name>.text</name>
         <load_address>0x16d8</load_address>
         <run_address>0x16d8</run_address>
         <size>0xc</size>
         <input_file_ref idref="fl-3"/>
      </object_component>
      <object_component id="oc-179">
         <name>.text:SysCtlDelay</name>
         <load_address>0x16e4</load_address>
         <run_address>0x16e4</run_address>
         <size>0x6</size>
         <input_file_ref idref="fl-15"/>
      </object_component>
      <object_component id="oc-c2">
         <name>.text:_system_pre_init</name>
         <load_address>0x16ea</load_address>
         <run_address>0x16ea</run_address>
         <size>0x4</size>
         <input_file_ref idref="fl-db"/>
      </object_component>
      <object_component id="oc-12f">
         <name>.text:abort:abort</name>
         <load_address>0x16ee</load_address>
         <run_address>0x16ee</run_address>
         <size>0x4</size>
         <input_file_ref idref="fl-dd"/>
      </object_component>
      <object_component id="oc-182">
         <name>.const:NVICEnableRegister</name>
         <load_address>0x16f4</load_address>
         <run_address>0x16f4</run_address>
         <size>0x10</size>
         <input_file_ref idref="fl-c"/>
      </object_component>
      <object_component id="oc-209">
         <name>__TI_handler_table</name>
         <load_address>0x1708</load_address>
         <run_address>0x1708</run_address>
         <size>0xc</size>
      </object_component>
      <object_component id="oc-20b">
         <name>.cinit..data.load</name>
         <load_address>0x1714</load_address>
         <run_address>0x1714</run_address>
         <size>0xa</size>
      </object_component>
      <object_component id="oc-20c">
         <name>.cinit..bss.load</name>
         <load_address>0x1720</load_address>
         <run_address>0x1720</run_address>
         <size>0x8</size>
      </object_component>
      <object_component id="oc-20a">
         <name>__TI_cinit_table</name>
         <load_address>0x1728</load_address>
         <run_address>0x1728</run_address>
         <size>0x10</size>
      </object_component>
      <object_component id="oc-8f">
         <name>.data</name>
         <load_address>0x20000210</load_address>
         <run_address>0x20000210</run_address>
         <size>0xa</size>
         <input_file_ref idref="fl-2"/>
      </object_component>
      <object_component id="oc-92">
         <name>.common:parameter</name>
         <uninitialized>true</uninitialized>
         <run_address>0x20000200</run_address>
         <size>0x10</size>
      </object_component>
      <object_component id="oc-21">
         <name>.stack</name>
         <uninitialized>true</uninitialized>
         <run_address>0x20000000</run_address>
         <size>0x4</size>
         <input_file_ref idref="fl-d7"/>
      </object_component>
      <object_component id="oc-20d">
         <name>.stack</name>
         <uninitialized>true</uninitialized>
         <run_address>0x20000000</run_address>
         <size>0x0</size>
      </object_component>
      <object_component id="oc-93">
         <name>.debug_info</name>
         <load_address>0x0</load_address>
         <run_address>0x0</run_address>
         <size>0x536</size>
         <input_file_ref idref="fl-2"/>
      </object_component>
      <object_component id="oc-90">
         <name>.debug_info</name>
         <load_address>0x536</load_address>
         <run_address>0x536</run_address>
         <size>0x197</size>
         <input_file_ref idref="fl-2"/>
      </object_component>
      <object_component id="oc-2b">
         <name>.debug_info</name>
         <load_address>0x6cd</load_address>
         <run_address>0x6cd</run_address>
         <size>0x3e1</size>
         <input_file_ref idref="fl-2"/>
      </object_component>
      <object_component id="oc-9d">
         <name>.debug_info</name>
         <load_address>0xaae</load_address>
         <run_address>0xaae</run_address>
         <size>0x26b</size>
         <input_file_ref idref="fl-2"/>
      </object_component>
      <object_component id="oc-96">
         <name>.debug_info</name>
         <load_address>0xd19</load_address>
         <run_address>0xd19</run_address>
         <size>0x8b</size>
         <input_file_ref idref="fl-2"/>
      </object_component>
      <object_component id="oc-11a">
         <name>.debug_info</name>
         <load_address>0xda4</load_address>
         <run_address>0xda4</run_address>
         <size>0x297</size>
         <input_file_ref idref="fl-2"/>
      </object_component>
      <object_component id="oc-a2">
         <name>.debug_info</name>
         <load_address>0x103b</load_address>
         <run_address>0x103b</run_address>
         <size>0xbb</size>
         <input_file_ref idref="fl-2"/>
      </object_component>
      <object_component id="oc-32">
         <name>.debug_info</name>
         <load_address>0x10f6</load_address>
         <run_address>0x10f6</run_address>
         <size>0x36a</size>
         <input_file_ref idref="fl-3"/>
      </object_component>
      <object_component id="oc-10">
         <name>.debug_info</name>
         <load_address>0x1460</load_address>
         <run_address>0x1460</run_address>
         <size>0xeb</size>
         <input_file_ref idref="fl-3"/>
      </object_component>
      <object_component id="oc-27">
         <name>.debug_info</name>
         <load_address>0x154b</load_address>
         <run_address>0x154b</run_address>
         <size>0x267</size>
         <input_file_ref idref="fl-3"/>
      </object_component>
      <object_component id="oc-39">
         <name>.debug_info</name>
         <load_address>0x17b2</load_address>
         <run_address>0x17b2</run_address>
         <size>0x84</size>
         <input_file_ref idref="fl-3"/>
      </object_component>
      <object_component id="oc-100">
         <name>.debug_info</name>
         <load_address>0x1836</load_address>
         <run_address>0x1836</run_address>
         <size>0x321</size>
         <input_file_ref idref="fl-4"/>
      </object_component>
      <object_component id="oc-79">
         <name>.debug_info</name>
         <load_address>0x1b57</load_address>
         <run_address>0x1b57</run_address>
         <size>0xcd9</size>
         <input_file_ref idref="fl-4"/>
      </object_component>
      <object_component id="oc-fa">
         <name>.debug_info</name>
         <load_address>0x2830</load_address>
         <run_address>0x2830</run_address>
         <size>0x19d</size>
         <input_file_ref idref="fl-5"/>
      </object_component>
      <object_component id="oc-8a">
         <name>.debug_info</name>
         <load_address>0x29cd</load_address>
         <run_address>0x29cd</run_address>
         <size>0x9b9</size>
         <input_file_ref idref="fl-9"/>
      </object_component>
      <object_component id="oc-d5">
         <name>.debug_info</name>
         <load_address>0x3386</load_address>
         <run_address>0x3386</run_address>
         <size>0x276</size>
         <input_file_ref idref="fl-a"/>
      </object_component>
      <object_component id="oc-74">
         <name>.debug_info</name>
         <load_address>0x35fc</load_address>
         <run_address>0x35fc</run_address>
         <size>0x6f6</size>
         <input_file_ref idref="fl-a"/>
      </object_component>
      <object_component id="oc-85">
         <name>.debug_info</name>
         <load_address>0x3cf2</load_address>
         <run_address>0x3cf2</run_address>
         <size>0xbcc</size>
         <input_file_ref idref="fl-b"/>
      </object_component>
      <object_component id="oc-1af">
         <name>.debug_info</name>
         <load_address>0x48be</load_address>
         <run_address>0x48be</run_address>
         <size>0x284</size>
         <input_file_ref idref="fl-c"/>
      </object_component>
      <object_component id="oc-183">
         <name>.debug_info</name>
         <load_address>0x4b42</load_address>
         <run_address>0x4b42</run_address>
         <size>0xf9</size>
         <input_file_ref idref="fl-c"/>
      </object_component>
      <object_component id="oc-110">
         <name>.debug_info</name>
         <load_address>0x4c3b</load_address>
         <run_address>0x4c3b</run_address>
         <size>0x25f</size>
         <input_file_ref idref="fl-c"/>
      </object_component>
      <object_component id="oc-80">
         <name>.debug_info</name>
         <load_address>0x4e9a</load_address>
         <run_address>0x4e9a</run_address>
         <size>0x223</size>
         <input_file_ref idref="fl-d"/>
      </object_component>
      <object_component id="oc-10a">
         <name>.debug_info</name>
         <load_address>0x50bd</load_address>
         <run_address>0x50bd</run_address>
         <size>0x8b4</size>
         <input_file_ref idref="fl-f"/>
      </object_component>
      <object_component id="oc-180">
         <name>.debug_info</name>
         <load_address>0x5971</load_address>
         <run_address>0x5971</run_address>
         <size>0x298</size>
         <input_file_ref idref="fl-15"/>
      </object_component>
      <object_component id="oc-107">
         <name>.debug_info</name>
         <load_address>0x5c09</load_address>
         <run_address>0x5c09</run_address>
         <size>0x2db</size>
         <input_file_ref idref="fl-15"/>
      </object_component>
      <object_component id="oc-1a8">
         <name>.debug_info</name>
         <load_address>0x5ee4</load_address>
         <run_address>0x5ee4</run_address>
         <size>0x5f</size>
         <input_file_ref idref="fl-15"/>
      </object_component>
      <object_component id="oc-17b">
         <name>.debug_info</name>
         <load_address>0x5f43</load_address>
         <run_address>0x5f43</run_address>
         <size>0x18b</size>
         <input_file_ref idref="fl-15"/>
      </object_component>
      <object_component id="oc-e6">
         <name>.debug_info</name>
         <load_address>0x60ce</load_address>
         <run_address>0x60ce</run_address>
         <size>0x14d</size>
         <input_file_ref idref="fl-cd"/>
      </object_component>
      <object_component id="oc-dc">
         <name>.debug_info</name>
         <load_address>0x621b</load_address>
         <run_address>0x621b</run_address>
         <size>0x13b</size>
         <input_file_ref idref="fl-ce"/>
      </object_component>
      <object_component id="oc-e1">
         <name>.debug_info</name>
         <load_address>0x6356</load_address>
         <run_address>0x6356</run_address>
         <size>0x12f</size>
         <input_file_ref idref="fl-cf"/>
      </object_component>
      <object_component id="oc-eb">
         <name>.debug_info</name>
         <load_address>0x6485</load_address>
         <run_address>0x6485</run_address>
         <size>0x13f</size>
         <input_file_ref idref="fl-d0"/>
      </object_component>
      <object_component id="oc-f0">
         <name>.debug_info</name>
         <load_address>0x65c4</load_address>
         <run_address>0x65c4</run_address>
         <size>0x12d</size>
         <input_file_ref idref="fl-d1"/>
      </object_component>
      <object_component id="oc-f7">
         <name>.debug_info</name>
         <load_address>0x66f1</load_address>
         <run_address>0x66f1</run_address>
         <size>0x12d</size>
         <input_file_ref idref="fl-d2"/>
      </object_component>
      <object_component id="oc-d9">
         <name>.debug_info</name>
         <load_address>0x681e</load_address>
         <run_address>0x681e</run_address>
         <size>0x12f</size>
         <input_file_ref idref="fl-d3"/>
      </object_component>
      <object_component id="oc-bb">
         <name>.debug_info</name>
         <load_address>0x694d</load_address>
         <run_address>0x694d</run_address>
         <size>0x2d5</size>
         <input_file_ref idref="fl-d4"/>
      </object_component>
      <object_component id="oc-4e">
         <name>.debug_info</name>
         <load_address>0x6c22</load_address>
         <run_address>0x6c22</run_address>
         <size>0x1d3</size>
         <input_file_ref idref="fl-d4"/>
      </object_component>
      <object_component id="oc-b6">
         <name>.debug_info</name>
         <load_address>0x6df5</load_address>
         <run_address>0x6df5</run_address>
         <size>0x46</size>
         <input_file_ref idref="fl-d4"/>
      </object_component>
      <object_component id="oc-126">
         <name>.debug_info</name>
         <load_address>0x6e3b</load_address>
         <run_address>0x6e3b</run_address>
         <size>0x2c</size>
         <input_file_ref idref="fl-d4"/>
      </object_component>
      <object_component id="oc-49">
         <name>.debug_info</name>
         <load_address>0x6e67</load_address>
         <run_address>0x6e67</run_address>
         <size>0x2a9</size>
         <input_file_ref idref="fl-d5"/>
      </object_component>
      <object_component id="oc-19">
         <name>.debug_info</name>
         <load_address>0x7110</load_address>
         <run_address>0x7110</run_address>
         <size>0x1eb</size>
         <input_file_ref idref="fl-d5"/>
      </object_component>
      <object_component id="oc-44">
         <name>.debug_info</name>
         <load_address>0x72fb</load_address>
         <run_address>0x72fb</run_address>
         <size>0x46</size>
         <input_file_ref idref="fl-d5"/>
      </object_component>
      <object_component id="oc-ae">
         <name>.debug_info</name>
         <load_address>0x7341</load_address>
         <run_address>0x7341</run_address>
         <size>0x2c</size>
         <input_file_ref idref="fl-d5"/>
      </object_component>
      <object_component id="oc-ac">
         <name>.debug_info</name>
         <load_address>0x736d</load_address>
         <run_address>0x736d</run_address>
         <size>0x29f</size>
         <input_file_ref idref="fl-d6"/>
      </object_component>
      <object_component id="oc-15">
         <name>.debug_info</name>
         <load_address>0x760c</load_address>
         <run_address>0x760c</run_address>
         <size>0x251</size>
         <input_file_ref idref="fl-d6"/>
      </object_component>
      <object_component id="oc-34">
         <name>.debug_info</name>
         <load_address>0x785d</load_address>
         <run_address>0x785d</run_address>
         <size>0x60</size>
         <input_file_ref idref="fl-d6"/>
      </object_component>
      <object_component id="oc-11f">
         <name>.debug_info</name>
         <load_address>0x78bd</load_address>
         <run_address>0x78bd</run_address>
         <size>0x46</size>
         <input_file_ref idref="fl-d6"/>
      </object_component>
      <object_component id="oc-a7">
         <name>.debug_info</name>
         <load_address>0x7903</load_address>
         <run_address>0x7903</run_address>
         <size>0x39</size>
         <input_file_ref idref="fl-d6"/>
      </object_component>
      <object_component id="oc-22">
         <name>.debug_info</name>
         <load_address>0x793c</load_address>
         <run_address>0x793c</run_address>
         <size>0x10c</size>
         <input_file_ref idref="fl-d7"/>
      </object_component>
      <object_component id="oc-60">
         <name>.debug_info</name>
         <load_address>0x7a48</load_address>
         <run_address>0x7a48</run_address>
         <size>0x1aa</size>
         <input_file_ref idref="fl-d7"/>
      </object_component>
      <object_component id="oc-3f">
         <name>.debug_info</name>
         <load_address>0x7bf2</load_address>
         <run_address>0x7bf2</run_address>
         <size>0x11a</size>
         <input_file_ref idref="fl-d9"/>
      </object_component>
      <object_component id="oc-191">
         <name>.debug_info</name>
         <load_address>0x7d0c</load_address>
         <run_address>0x7d0c</run_address>
         <size>0x4b4</size>
         <input_file_ref idref="fl-da"/>
      </object_component>
      <object_component id="oc-13f">
         <name>.debug_info</name>
         <load_address>0x81c0</load_address>
         <run_address>0x81c0</run_address>
         <size>0x1a7</size>
         <input_file_ref idref="fl-da"/>
      </object_component>
      <object_component id="oc-1c0">
         <name>.debug_info</name>
         <load_address>0x8367</load_address>
         <run_address>0x8367</run_address>
         <size>0x39</size>
         <input_file_ref idref="fl-da"/>
      </object_component>
      <object_component id="oc-1d6">
         <name>.debug_info</name>
         <load_address>0x83a0</load_address>
         <run_address>0x83a0</run_address>
         <size>0x39</size>
         <input_file_ref idref="fl-da"/>
      </object_component>
      <object_component id="oc-1c5">
         <name>.debug_info</name>
         <load_address>0x83d9</load_address>
         <run_address>0x83d9</run_address>
         <size>0x39</size>
         <input_file_ref idref="fl-da"/>
      </object_component>
      <object_component id="oc-1ca">
         <name>.debug_info</name>
         <load_address>0x8412</load_address>
         <run_address>0x8412</run_address>
         <size>0xcd</size>
         <input_file_ref idref="fl-da"/>
      </object_component>
      <object_component id="oc-c4">
         <name>.debug_info</name>
         <load_address>0x84df</load_address>
         <run_address>0x84df</run_address>
         <size>0x154</size>
         <input_file_ref idref="fl-db"/>
      </object_component>
      <object_component id="oc-130">
         <name>.debug_info</name>
         <load_address>0x8633</load_address>
         <run_address>0x8633</run_address>
         <size>0x123</size>
         <input_file_ref idref="fl-dd"/>
      </object_component>
      <object_component id="oc-20e">
         <name>.debug_info</name>
         <load_address>0x8756</load_address>
         <run_address>0x8756</run_address>
         <size>0x9e</size>
      </object_component>
      <object_component id="oc-119">
         <name>.debug_line</name>
         <load_address>0x0</load_address>
         <run_address>0x0</run_address>
         <size>0xda</size>
         <input_file_ref idref="fl-2"/>
      </object_component>
      <object_component id="oc-117">
         <name>.debug_line</name>
         <load_address>0xda</load_address>
         <run_address>0xda</run_address>
         <size>0x2d</size>
         <input_file_ref idref="fl-2"/>
      </object_component>
      <object_component id="oc-2e">
         <name>.debug_line</name>
         <load_address>0x107</load_address>
         <run_address>0x107</run_address>
         <size>0xe6</size>
         <input_file_ref idref="fl-2"/>
      </object_component>
      <object_component id="oc-a0">
         <name>.debug_line</name>
         <load_address>0x1ed</load_address>
         <run_address>0x1ed</run_address>
         <size>0x6c</size>
         <input_file_ref idref="fl-2"/>
      </object_component>
      <object_component id="oc-99">
         <name>.debug_line</name>
         <load_address>0x259</load_address>
         <run_address>0x259</run_address>
         <size>0x20</size>
         <input_file_ref idref="fl-2"/>
      </object_component>
      <object_component id="oc-11d">
         <name>.debug_line</name>
         <load_address>0x279</load_address>
         <run_address>0x279</run_address>
         <size>0x70</size>
         <input_file_ref idref="fl-2"/>
      </object_component>
      <object_component id="oc-a5">
         <name>.debug_line</name>
         <load_address>0x2e9</load_address>
         <run_address>0x2e9</run_address>
         <size>0x6d</size>
         <input_file_ref idref="fl-2"/>
      </object_component>
      <object_component id="oc-9c">
         <name>.debug_line</name>
         <load_address>0x356</load_address>
         <run_address>0x356</run_address>
         <size>0x41</size>
         <input_file_ref idref="fl-3"/>
      </object_component>
      <object_component id="oc-31">
         <name>.debug_line</name>
         <load_address>0x397</load_address>
         <run_address>0x397</run_address>
         <size>0x41</size>
         <input_file_ref idref="fl-3"/>
      </object_component>
      <object_component id="oc-25">
         <name>.debug_line</name>
         <load_address>0x3d8</load_address>
         <run_address>0x3d8</run_address>
         <size>0xa1</size>
         <input_file_ref idref="fl-3"/>
      </object_component>
      <object_component id="oc-3c">
         <name>.debug_line</name>
         <load_address>0x479</load_address>
         <run_address>0x479</run_address>
         <size>0x20</size>
         <input_file_ref idref="fl-3"/>
      </object_component>
      <object_component id="oc-178">
         <name>.debug_line</name>
         <load_address>0x499</load_address>
         <run_address>0x499</run_address>
         <size>0x6d</size>
         <input_file_ref idref="fl-4"/>
      </object_component>
      <object_component id="oc-78">
         <name>.debug_line</name>
         <load_address>0x506</load_address>
         <run_address>0x506</run_address>
         <size>0x14e</size>
         <input_file_ref idref="fl-4"/>
      </object_component>
      <object_component id="oc-fd">
         <name>.debug_line</name>
         <load_address>0x654</load_address>
         <run_address>0x654</run_address>
         <size>0x69</size>
         <input_file_ref idref="fl-5"/>
      </object_component>
      <object_component id="oc-8d">
         <name>.debug_line</name>
         <load_address>0x6bd</load_address>
         <run_address>0x6bd</run_address>
         <size>0x149</size>
         <input_file_ref idref="fl-9"/>
      </object_component>
      <object_component id="oc-16e">
         <name>.debug_line</name>
         <load_address>0x806</load_address>
         <run_address>0x806</run_address>
         <size>0x20</size>
         <input_file_ref idref="fl-a"/>
      </object_component>
      <object_component id="oc-72">
         <name>.debug_line</name>
         <load_address>0x826</load_address>
         <run_address>0x826</run_address>
         <size>0x10f</size>
         <input_file_ref idref="fl-a"/>
      </object_component>
      <object_component id="oc-84">
         <name>.debug_line</name>
         <load_address>0x935</load_address>
         <run_address>0x935</run_address>
         <size>0x182</size>
         <input_file_ref idref="fl-b"/>
      </object_component>
      <object_component id="oc-1d2">
         <name>.debug_line</name>
         <load_address>0xab7</load_address>
         <run_address>0xab7</run_address>
         <size>0x20</size>
         <input_file_ref idref="fl-c"/>
      </object_component>
      <object_component id="oc-1ae">
         <name>.debug_line</name>
         <load_address>0xad7</load_address>
         <run_address>0xad7</run_address>
         <size>0x44</size>
         <input_file_ref idref="fl-c"/>
      </object_component>
      <object_component id="oc-114">
         <name>.debug_line</name>
         <load_address>0xb1b</load_address>
         <run_address>0xb1b</run_address>
         <size>0x73</size>
         <input_file_ref idref="fl-c"/>
      </object_component>
      <object_component id="oc-7e">
         <name>.debug_line</name>
         <load_address>0xb8e</load_address>
         <run_address>0xb8e</run_address>
         <size>0x77</size>
         <input_file_ref idref="fl-d"/>
      </object_component>
      <object_component id="oc-10d">
         <name>.debug_line</name>
         <load_address>0xc05</load_address>
         <run_address>0xc05</run_address>
         <size>0x11f</size>
         <input_file_ref idref="fl-f"/>
      </object_component>
      <object_component id="oc-1a7">
         <name>.debug_line</name>
         <load_address>0xd24</load_address>
         <run_address>0xd24</run_address>
         <size>0x13d</size>
         <input_file_ref idref="fl-15"/>
      </object_component>
      <object_component id="oc-105">
         <name>.debug_line</name>
         <load_address>0xe61</load_address>
         <run_address>0xe61</run_address>
         <size>0xee</size>
         <input_file_ref idref="fl-15"/>
      </object_component>
      <object_component id="oc-1ab">
         <name>.debug_line</name>
         <load_address>0xf4f</load_address>
         <run_address>0xf4f</run_address>
         <size>0x7f</size>
         <input_file_ref idref="fl-15"/>
      </object_component>
      <object_component id="oc-17e">
         <name>.debug_line</name>
         <load_address>0xfce</load_address>
         <run_address>0xfce</run_address>
         <size>0x69</size>
         <input_file_ref idref="fl-15"/>
      </object_component>
      <object_component id="oc-e9">
         <name>.debug_line</name>
         <load_address>0x1037</load_address>
         <run_address>0x1037</run_address>
         <size>0xd2</size>
         <input_file_ref idref="fl-cd"/>
      </object_component>
      <object_component id="oc-df">
         <name>.debug_line</name>
         <load_address>0x1109</load_address>
         <run_address>0x1109</run_address>
         <size>0x8e</size>
         <input_file_ref idref="fl-ce"/>
      </object_component>
      <object_component id="oc-e4">
         <name>.debug_line</name>
         <load_address>0x1197</load_address>
         <run_address>0x1197</run_address>
         <size>0x5a</size>
         <input_file_ref idref="fl-cf"/>
      </object_component>
      <object_component id="oc-ee">
         <name>.debug_line</name>
         <load_address>0x11f1</load_address>
         <run_address>0x11f1</run_address>
         <size>0x67</size>
         <input_file_ref idref="fl-d0"/>
      </object_component>
      <object_component id="oc-f3">
         <name>.debug_line</name>
         <load_address>0x1258</load_address>
         <run_address>0x1258</run_address>
         <size>0x57</size>
         <input_file_ref idref="fl-d1"/>
      </object_component>
      <object_component id="oc-f5">
         <name>.debug_line</name>
         <load_address>0x12af</load_address>
         <run_address>0x12af</run_address>
         <size>0x50</size>
         <input_file_ref idref="fl-d2"/>
      </object_component>
      <object_component id="oc-d7">
         <name>.debug_line</name>
         <load_address>0x12ff</load_address>
         <run_address>0x12ff</run_address>
         <size>0x4c</size>
         <input_file_ref idref="fl-d3"/>
      </object_component>
      <object_component id="oc-12c">
         <name>.debug_line</name>
         <load_address>0x134b</load_address>
         <run_address>0x134b</run_address>
         <size>0x92</size>
         <input_file_ref idref="fl-d4"/>
      </object_component>
      <object_component id="oc-4d">
         <name>.debug_line</name>
         <load_address>0x13dd</load_address>
         <run_address>0x13dd</run_address>
         <size>0x56</size>
         <input_file_ref idref="fl-d4"/>
      </object_component>
      <object_component id="oc-b9">
         <name>.debug_line</name>
         <load_address>0x1433</load_address>
         <run_address>0x1433</run_address>
         <size>0x34</size>
         <input_file_ref idref="fl-d4"/>
      </object_component>
      <object_component id="oc-129">
         <name>.debug_line</name>
         <load_address>0x1467</load_address>
         <run_address>0x1467</run_address>
         <size>0x92</size>
         <input_file_ref idref="fl-d4"/>
      </object_component>
      <object_component id="oc-b4">
         <name>.debug_line</name>
         <load_address>0x14f9</load_address>
         <run_address>0x14f9</run_address>
         <size>0x20</size>
         <input_file_ref idref="fl-d5"/>
      </object_component>
      <object_component id="oc-1d">
         <name>.debug_line</name>
         <load_address>0x1519</load_address>
         <run_address>0x1519</run_address>
         <size>0x55</size>
         <input_file_ref idref="fl-d5"/>
      </object_component>
      <object_component id="oc-47">
         <name>.debug_line</name>
         <load_address>0x156e</load_address>
         <run_address>0x156e</run_address>
         <size>0x3a</size>
         <input_file_ref idref="fl-d5"/>
      </object_component>
      <object_component id="oc-b1">
         <name>.debug_line</name>
         <load_address>0x15a8</load_address>
         <run_address>0x15a8</run_address>
         <size>0x92</size>
         <input_file_ref idref="fl-d5"/>
      </object_component>
      <object_component id="oc-125">
         <name>.debug_line</name>
         <load_address>0x163a</load_address>
         <run_address>0x163a</run_address>
         <size>0x20</size>
         <input_file_ref idref="fl-d6"/>
      </object_component>
      <object_component id="oc-13">
         <name>.debug_line</name>
         <load_address>0x165a</load_address>
         <run_address>0x165a</run_address>
         <size>0xa9</size>
         <input_file_ref idref="fl-d6"/>
      </object_component>
      <object_component id="oc-37">
         <name>.debug_line</name>
         <load_address>0x1703</load_address>
         <run_address>0x1703</run_address>
         <size>0x3a</size>
         <input_file_ref idref="fl-d6"/>
      </object_component>
      <object_component id="oc-122">
         <name>.debug_line</name>
         <load_address>0x173d</load_address>
         <run_address>0x173d</run_address>
         <size>0x9a</size>
         <input_file_ref idref="fl-d6"/>
      </object_component>
      <object_component id="oc-aa">
         <name>.debug_line</name>
         <load_address>0x17d7</load_address>
         <run_address>0x17d7</run_address>
         <size>0x96</size>
         <input_file_ref idref="fl-d6"/>
      </object_component>
      <object_component id="oc-6f">
         <name>.debug_line</name>
         <load_address>0x186d</load_address>
         <run_address>0x186d</run_address>
         <size>0x33</size>
         <input_file_ref idref="fl-d7"/>
      </object_component>
      <object_component id="oc-5f">
         <name>.debug_line</name>
         <load_address>0x18a0</load_address>
         <run_address>0x18a0</run_address>
         <size>0x45</size>
         <input_file_ref idref="fl-d7"/>
      </object_component>
      <object_component id="oc-42">
         <name>.debug_line</name>
         <load_address>0x18e5</load_address>
         <run_address>0x18e5</run_address>
         <size>0x88</size>
         <input_file_ref idref="fl-d9"/>
      </object_component>
      <object_component id="oc-1bf">
         <name>.debug_line</name>
         <load_address>0x196d</load_address>
         <run_address>0x196d</run_address>
         <size>0xbf</size>
         <input_file_ref idref="fl-da"/>
      </object_component>
      <object_component id="oc-13d">
         <name>.debug_line</name>
         <load_address>0x1a2c</load_address>
         <run_address>0x1a2c</run_address>
         <size>0x6f</size>
         <input_file_ref idref="fl-da"/>
      </object_component>
      <object_component id="oc-1c3">
         <name>.debug_line</name>
         <load_address>0x1a9b</load_address>
         <run_address>0x1a9b</run_address>
         <size>0x2e</size>
         <input_file_ref idref="fl-da"/>
      </object_component>
      <object_component id="oc-1d9">
         <name>.debug_line</name>
         <load_address>0x1ac9</load_address>
         <run_address>0x1ac9</run_address>
         <size>0x9a</size>
         <input_file_ref idref="fl-da"/>
      </object_component>
      <object_component id="oc-1c8">
         <name>.debug_line</name>
         <load_address>0x1b63</load_address>
         <run_address>0x1b63</run_address>
         <size>0x97</size>
         <input_file_ref idref="fl-da"/>
      </object_component>
      <object_component id="oc-1cd">
         <name>.debug_line</name>
         <load_address>0x1bfa</load_address>
         <run_address>0x1bfa</run_address>
         <size>0x93</size>
         <input_file_ref idref="fl-da"/>
      </object_component>
      <object_component id="oc-c7">
         <name>.debug_line</name>
         <load_address>0x1c8d</load_address>
         <run_address>0x1c8d</run_address>
         <size>0x40</size>
         <input_file_ref idref="fl-db"/>
      </object_component>
      <object_component id="oc-134">
         <name>.debug_line</name>
         <load_address>0x1ccd</load_address>
         <run_address>0x1ccd</run_address>
         <size>0x3c</size>
         <input_file_ref idref="fl-dd"/>
      </object_component>
      <object_component id="oc-2f">
         <name>.debug_frame</name>
         <load_address>0x0</load_address>
         <run_address>0x0</run_address>
         <size>0xc8</size>
         <input_file_ref idref="fl-2"/>
      </object_component>
      <object_component id="oc-26">
         <name>.debug_frame</name>
         <load_address>0xc8</load_address>
         <run_address>0xc8</run_address>
         <size>0x90</size>
         <input_file_ref idref="fl-3"/>
      </object_component>
      <object_component id="oc-7c">
         <name>.debug_frame</name>
         <load_address>0x158</load_address>
         <run_address>0x158</run_address>
         <size>0x100</size>
         <input_file_ref idref="fl-4"/>
      </object_component>
      <object_component id="oc-fe">
         <name>.debug_frame</name>
         <load_address>0x258</load_address>
         <run_address>0x258</run_address>
         <size>0x58</size>
         <input_file_ref idref="fl-5"/>
      </object_component>
      <object_component id="oc-8e">
         <name>.debug_frame</name>
         <load_address>0x2b0</load_address>
         <run_address>0x2b0</run_address>
         <size>0xec</size>
         <input_file_ref idref="fl-9"/>
      </object_component>
      <object_component id="oc-73">
         <name>.debug_frame</name>
         <load_address>0x39c</load_address>
         <run_address>0x39c</run_address>
         <size>0xec</size>
         <input_file_ref idref="fl-a"/>
      </object_component>
      <object_component id="oc-88">
         <name>.debug_frame</name>
         <load_address>0x488</load_address>
         <run_address>0x488</run_address>
         <size>0x160</size>
         <input_file_ref idref="fl-b"/>
      </object_component>
      <object_component id="oc-113">
         <name>.debug_frame</name>
         <load_address>0x5e8</load_address>
         <run_address>0x5e8</run_address>
         <size>0x70</size>
         <input_file_ref idref="fl-c"/>
      </object_component>
      <object_component id="oc-7f">
         <name>.debug_frame</name>
         <load_address>0x658</load_address>
         <run_address>0x658</run_address>
         <size>0x70</size>
         <input_file_ref idref="fl-d"/>
      </object_component>
      <object_component id="oc-10e">
         <name>.debug_frame</name>
         <load_address>0x6c8</load_address>
         <run_address>0x6c8</run_address>
         <size>0x100</size>
         <input_file_ref idref="fl-f"/>
      </object_component>
      <object_component id="oc-106">
         <name>.debug_frame</name>
         <load_address>0xa24</load_address>
         <run_address>0xa24</run_address>
         <size>0x93</size>
         <input_file_ref idref="fl-15"/>
      </object_component>
      <object_component id="oc-4c">
         <name>.debug_frame</name>
         <load_address>0x7c8</load_address>
         <run_address>0x7c8</run_address>
         <size>0x54</size>
         <input_file_ref idref="fl-d4"/>
      </object_component>
      <object_component id="oc-1c">
         <name>.debug_frame</name>
         <load_address>0x81c</load_address>
         <run_address>0x81c</run_address>
         <size>0x54</size>
         <input_file_ref idref="fl-d5"/>
      </object_component>
      <object_component id="oc-14">
         <name>.debug_frame</name>
         <load_address>0x870</load_address>
         <run_address>0x870</run_address>
         <size>0x60</size>
         <input_file_ref idref="fl-d6"/>
      </object_component>
      <object_component id="oc-5e">
         <name>.debug_frame</name>
         <load_address>0x8d0</load_address>
         <run_address>0x8d0</run_address>
         <size>0x50</size>
         <input_file_ref idref="fl-d7"/>
      </object_component>
      <object_component id="oc-13c">
         <name>.debug_frame</name>
         <load_address>0x920</load_address>
         <run_address>0x920</run_address>
         <size>0x5c</size>
         <input_file_ref idref="fl-da"/>
      </object_component>
      <object_component id="oc-c3">
         <name>.debug_frame</name>
         <load_address>0x97c</load_address>
         <run_address>0x97c</run_address>
         <size>0x54</size>
         <input_file_ref idref="fl-db"/>
      </object_component>
      <object_component id="oc-133">
         <name>.debug_frame</name>
         <load_address>0x9d0</load_address>
         <run_address>0x9d0</run_address>
         <size>0x54</size>
         <input_file_ref idref="fl-dd"/>
      </object_component>
      <object_component id="oc-118">
         <name>.debug_abbrev</name>
         <load_address>0x0</load_address>
         <run_address>0x0</run_address>
         <size>0xb1</size>
         <input_file_ref idref="fl-2"/>
      </object_component>
      <object_component id="oc-116">
         <name>.debug_abbrev</name>
         <load_address>0xb1</load_address>
         <run_address>0xb1</run_address>
         <size>0x29</size>
         <input_file_ref idref="fl-2"/>
      </object_component>
      <object_component id="oc-95">
         <name>.debug_abbrev</name>
         <load_address>0xda</load_address>
         <run_address>0xda</run_address>
         <size>0x8d</size>
         <input_file_ref idref="fl-2"/>
      </object_component>
      <object_component id="oc-9f">
         <name>.debug_abbrev</name>
         <load_address>0x167</load_address>
         <run_address>0x167</run_address>
         <size>0x69</size>
         <input_file_ref idref="fl-2"/>
      </object_component>
      <object_component id="oc-98">
         <name>.debug_abbrev</name>
         <load_address>0x1d0</load_address>
         <run_address>0x1d0</run_address>
         <size>0x1f</size>
         <input_file_ref idref="fl-2"/>
      </object_component>
      <object_component id="oc-11c">
         <name>.debug_abbrev</name>
         <load_address>0x1ef</load_address>
         <run_address>0x1ef</run_address>
         <size>0x5c</size>
         <input_file_ref idref="fl-2"/>
      </object_component>
      <object_component id="oc-a4">
         <name>.debug_abbrev</name>
         <load_address>0x24b</load_address>
         <run_address>0x24b</run_address>
         <size>0x24</size>
         <input_file_ref idref="fl-2"/>
      </object_component>
      <object_component id="oc-9b">
         <name>.debug_abbrev</name>
         <load_address>0x26f</load_address>
         <run_address>0x26f</run_address>
         <size>0x7c</size>
         <input_file_ref idref="fl-3"/>
      </object_component>
      <object_component id="oc-30">
         <name>.debug_abbrev</name>
         <load_address>0x2eb</load_address>
         <run_address>0x2eb</run_address>
         <size>0x29</size>
         <input_file_ref idref="fl-3"/>
      </object_component>
      <object_component id="oc-70">
         <name>.debug_abbrev</name>
         <load_address>0x314</load_address>
         <run_address>0x314</run_address>
         <size>0x79</size>
         <input_file_ref idref="fl-3"/>
      </object_component>
      <object_component id="oc-3b">
         <name>.debug_abbrev</name>
         <load_address>0x38d</load_address>
         <run_address>0x38d</run_address>
         <size>0x1f</size>
         <input_file_ref idref="fl-3"/>
      </object_component>
      <object_component id="oc-177">
         <name>.debug_abbrev</name>
         <load_address>0x3ac</load_address>
         <run_address>0x3ac</run_address>
         <size>0x87</size>
         <input_file_ref idref="fl-4"/>
      </object_component>
      <object_component id="oc-ff">
         <name>.debug_abbrev</name>
         <load_address>0x433</load_address>
         <run_address>0x433</run_address>
         <size>0xa9</size>
         <input_file_ref idref="fl-4"/>
      </object_component>
      <object_component id="oc-176">
         <name>.debug_abbrev</name>
         <load_address>0x4dc</load_address>
         <run_address>0x4dc</run_address>
         <size>0x6e</size>
         <input_file_ref idref="fl-5"/>
      </object_component>
      <object_component id="oc-115">
         <name>.debug_abbrev</name>
         <load_address>0x54a</load_address>
         <run_address>0x54a</run_address>
         <size>0x7a</size>
         <input_file_ref idref="fl-9"/>
      </object_component>
      <object_component id="oc-16d">
         <name>.debug_abbrev</name>
         <load_address>0x5c4</load_address>
         <run_address>0x5c4</run_address>
         <size>0x37</size>
         <input_file_ref idref="fl-a"/>
      </object_component>
      <object_component id="oc-d4">
         <name>.debug_abbrev</name>
         <load_address>0x5fb</load_address>
         <run_address>0x5fb</run_address>
         <size>0xa9</size>
         <input_file_ref idref="fl-a"/>
      </object_component>
      <object_component id="oc-102">
         <name>.debug_abbrev</name>
         <load_address>0x6a4</load_address>
         <run_address>0x6a4</run_address>
         <size>0x9b</size>
         <input_file_ref idref="fl-b"/>
      </object_component>
      <object_component id="oc-1d1">
         <name>.debug_abbrev</name>
         <load_address>0x73f</load_address>
         <run_address>0x73f</run_address>
         <size>0x42</size>
         <input_file_ref idref="fl-c"/>
      </object_component>
      <object_component id="oc-1ad">
         <name>.debug_abbrev</name>
         <load_address>0x781</load_address>
         <run_address>0x781</run_address>
         <size>0x27</size>
         <input_file_ref idref="fl-c"/>
      </object_component>
      <object_component id="oc-185">
         <name>.debug_abbrev</name>
         <load_address>0x7a8</load_address>
         <run_address>0x7a8</run_address>
         <size>0x9b</size>
         <input_file_ref idref="fl-c"/>
      </object_component>
      <object_component id="oc-101">
         <name>.debug_abbrev</name>
         <load_address>0x843</load_address>
         <run_address>0x843</run_address>
         <size>0x7a</size>
         <input_file_ref idref="fl-d"/>
      </object_component>
      <object_component id="oc-181">
         <name>.debug_abbrev</name>
         <load_address>0x8bd</load_address>
         <run_address>0x8bd</run_address>
         <size>0x9b</size>
         <input_file_ref idref="fl-f"/>
      </object_component>
      <object_component id="oc-1a6">
         <name>.debug_abbrev</name>
         <load_address>0x958</load_address>
         <run_address>0x958</run_address>
         <size>0xb0</size>
         <input_file_ref idref="fl-15"/>
      </object_component>
      <object_component id="oc-17a">
         <name>.debug_abbrev</name>
         <load_address>0xa08</load_address>
         <run_address>0xa08</run_address>
         <size>0x7a</size>
         <input_file_ref idref="fl-15"/>
      </object_component>
      <object_component id="oc-1aa">
         <name>.debug_abbrev</name>
         <load_address>0xa82</load_address>
         <run_address>0xa82</run_address>
         <size>0x49</size>
         <input_file_ref idref="fl-15"/>
      </object_component>
      <object_component id="oc-17d">
         <name>.debug_abbrev</name>
         <load_address>0xacb</load_address>
         <run_address>0xacb</run_address>
         <size>0x35</size>
         <input_file_ref idref="fl-15"/>
      </object_component>
      <object_component id="oc-172">
         <name>.debug_abbrev</name>
         <load_address>0xb00</load_address>
         <run_address>0xb00</run_address>
         <size>0x3c</size>
         <input_file_ref idref="fl-cd"/>
      </object_component>
      <object_component id="oc-170">
         <name>.debug_abbrev</name>
         <load_address>0xb3c</load_address>
         <run_address>0xb3c</run_address>
         <size>0x3c</size>
         <input_file_ref idref="fl-ce"/>
      </object_component>
      <object_component id="oc-171">
         <name>.debug_abbrev</name>
         <load_address>0xb78</load_address>
         <run_address>0xb78</run_address>
         <size>0x3c</size>
         <input_file_ref idref="fl-cf"/>
      </object_component>
      <object_component id="oc-173">
         <name>.debug_abbrev</name>
         <load_address>0xbb4</load_address>
         <run_address>0xbb4</run_address>
         <size>0x3e</size>
         <input_file_ref idref="fl-d0"/>
      </object_component>
      <object_component id="oc-174">
         <name>.debug_abbrev</name>
         <load_address>0xbf2</load_address>
         <run_address>0xbf2</run_address>
         <size>0x3c</size>
         <input_file_ref idref="fl-d1"/>
      </object_component>
      <object_component id="oc-175">
         <name>.debug_abbrev</name>
         <load_address>0xc2e</load_address>
         <run_address>0xc2e</run_address>
         <size>0x3e</size>
         <input_file_ref idref="fl-d2"/>
      </object_component>
      <object_component id="oc-16f">
         <name>.debug_abbrev</name>
         <load_address>0xc6c</load_address>
         <run_address>0xc6c</run_address>
         <size>0x3e</size>
         <input_file_ref idref="fl-d3"/>
      </object_component>
      <object_component id="oc-12b">
         <name>.debug_abbrev</name>
         <load_address>0xcaa</load_address>
         <run_address>0xcaa</run_address>
         <size>0x5d</size>
         <input_file_ref idref="fl-d4"/>
      </object_component>
      <object_component id="oc-b5">
         <name>.debug_abbrev</name>
         <load_address>0xd07</load_address>
         <run_address>0xd07</run_address>
         <size>0x6f</size>
         <input_file_ref idref="fl-d4"/>
      </object_component>
      <object_component id="oc-b8">
         <name>.debug_abbrev</name>
         <load_address>0xd76</load_address>
         <run_address>0xd76</run_address>
         <size>0x24</size>
         <input_file_ref idref="fl-d4"/>
      </object_component>
      <object_component id="oc-128">
         <name>.debug_abbrev</name>
         <load_address>0xd9a</load_address>
         <run_address>0xd9a</run_address>
         <size>0x24</size>
         <input_file_ref idref="fl-d4"/>
      </object_component>
      <object_component id="oc-b3">
         <name>.debug_abbrev</name>
         <load_address>0xdbe</load_address>
         <run_address>0xdbe</run_address>
         <size>0x37</size>
         <input_file_ref idref="fl-d5"/>
      </object_component>
      <object_component id="oc-43">
         <name>.debug_abbrev</name>
         <load_address>0xdf5</load_address>
         <run_address>0xdf5</run_address>
         <size>0x74</size>
         <input_file_ref idref="fl-d5"/>
      </object_component>
      <object_component id="oc-46">
         <name>.debug_abbrev</name>
         <load_address>0xe69</load_address>
         <run_address>0xe69</run_address>
         <size>0x24</size>
         <input_file_ref idref="fl-d5"/>
      </object_component>
      <object_component id="oc-b0">
         <name>.debug_abbrev</name>
         <load_address>0xe8d</load_address>
         <run_address>0xe8d</run_address>
         <size>0x24</size>
         <input_file_ref idref="fl-d5"/>
      </object_component>
      <object_component id="oc-124">
         <name>.debug_abbrev</name>
         <load_address>0xeb1</load_address>
         <run_address>0xeb1</run_address>
         <size>0x37</size>
         <input_file_ref idref="fl-d6"/>
      </object_component>
      <object_component id="oc-33">
         <name>.debug_abbrev</name>
         <load_address>0xee8</load_address>
         <run_address>0xee8</run_address>
         <size>0x6f</size>
         <input_file_ref idref="fl-d6"/>
      </object_component>
      <object_component id="oc-36">
         <name>.debug_abbrev</name>
         <load_address>0xf57</load_address>
         <run_address>0xf57</run_address>
         <size>0x24</size>
         <input_file_ref idref="fl-d6"/>
      </object_component>
      <object_component id="oc-121">
         <name>.debug_abbrev</name>
         <load_address>0xf7b</load_address>
         <run_address>0xf7b</run_address>
         <size>0x35</size>
         <input_file_ref idref="fl-d6"/>
      </object_component>
      <object_component id="oc-a9">
         <name>.debug_abbrev</name>
         <load_address>0xfb0</load_address>
         <run_address>0xfb0</run_address>
         <size>0x24</size>
         <input_file_ref idref="fl-d6"/>
      </object_component>
      <object_component id="oc-6e">
         <name>.debug_abbrev</name>
         <load_address>0xfd4</load_address>
         <run_address>0xfd4</run_address>
         <size>0x29</size>
         <input_file_ref idref="fl-d7"/>
      </object_component>
      <object_component id="oc-cb">
         <name>.debug_abbrev</name>
         <load_address>0xffd</load_address>
         <run_address>0xffd</run_address>
         <size>0x55</size>
         <input_file_ref idref="fl-d7"/>
      </object_component>
      <object_component id="oc-ad">
         <name>.debug_abbrev</name>
         <load_address>0x1052</load_address>
         <run_address>0x1052</run_address>
         <size>0x3e</size>
         <input_file_ref idref="fl-d9"/>
      </object_component>
      <object_component id="oc-1be">
         <name>.debug_abbrev</name>
         <load_address>0x1090</load_address>
         <run_address>0x1090</run_address>
         <size>0xc0</size>
         <input_file_ref idref="fl-da"/>
      </object_component>
      <object_component id="oc-190">
         <name>.debug_abbrev</name>
         <load_address>0x1150</load_address>
         <run_address>0x1150</run_address>
         <size>0x7e</size>
         <input_file_ref idref="fl-da"/>
      </object_component>
      <object_component id="oc-1c2">
         <name>.debug_abbrev</name>
         <load_address>0x11ce</load_address>
         <run_address>0x11ce</run_address>
         <size>0x24</size>
         <input_file_ref idref="fl-da"/>
      </object_component>
      <object_component id="oc-1d8">
         <name>.debug_abbrev</name>
         <load_address>0x11f2</load_address>
         <run_address>0x11f2</run_address>
         <size>0x24</size>
         <input_file_ref idref="fl-da"/>
      </object_component>
      <object_component id="oc-1c7">
         <name>.debug_abbrev</name>
         <load_address>0x1216</load_address>
         <run_address>0x1216</run_address>
         <size>0x24</size>
         <input_file_ref idref="fl-da"/>
      </object_component>
      <object_component id="oc-1cc">
         <name>.debug_abbrev</name>
         <load_address>0x123a</load_address>
         <run_address>0x123a</run_address>
         <size>0x4b</size>
         <input_file_ref idref="fl-da"/>
      </object_component>
      <object_component id="oc-12e">
         <name>.debug_abbrev</name>
         <load_address>0x1285</load_address>
         <run_address>0x1285</run_address>
         <size>0x55</size>
         <input_file_ref idref="fl-db"/>
      </object_component>
      <object_component id="oc-186">
         <name>.debug_abbrev</name>
         <load_address>0x12da</load_address>
         <run_address>0x12da</run_address>
         <size>0x45</size>
         <input_file_ref idref="fl-dd"/>
      </object_component>
      <object_component id="oc-20f">
         <name>.debug_abbrev</name>
         <load_address>0x131f</load_address>
         <run_address>0x131f</run_address>
         <size>0xf</size>
      </object_component>
      <object_component id="oc-a1">
         <name>.debug_str</name>
         <load_address>0x0</load_address>
         <run_address>0x0</run_address>
         <size>0x2ac</size>
         <input_file_ref idref="fl-2"/>
      </object_component>
      <object_component id="oc-9a">
         <name>.debug_str</name>
         <load_address>0x2ac</load_address>
         <run_address>0x2ac</run_address>
         <size>0xfe</size>
         <input_file_ref idref="fl-2"/>
      </object_component>
      <object_component id="oc-11e">
         <name>.debug_str</name>
         <load_address>0x3aa</load_address>
         <run_address>0x3aa</run_address>
         <size>0x33b</size>
         <input_file_ref idref="fl-2"/>
      </object_component>
      <object_component id="oc-a6">
         <name>.debug_str</name>
         <load_address>0x6e5</load_address>
         <run_address>0x6e5</run_address>
         <size>0x144</size>
         <input_file_ref idref="fl-2"/>
      </object_component>
      <object_component id="oc-3d">
         <name>.debug_str</name>
         <load_address>0x829</load_address>
         <run_address>0x829</run_address>
         <size>0xfe</size>
         <input_file_ref idref="fl-3"/>
      </object_component>
      <object_component id="oc-1ac">
         <name>.debug_str</name>
         <load_address>0x927</load_address>
         <run_address>0x927</run_address>
         <size>0x141</size>
         <input_file_ref idref="fl-15"/>
      </object_component>
      <object_component id="oc-17f">
         <name>.debug_str</name>
         <load_address>0xa68</load_address>
         <run_address>0xa68</run_address>
         <size>0x241</size>
         <input_file_ref idref="fl-15"/>
      </object_component>
      <object_component id="oc-ba">
         <name>.debug_str</name>
         <load_address>0xca9</load_address>
         <run_address>0xca9</run_address>
         <size>0x106</size>
         <input_file_ref idref="fl-d4"/>
      </object_component>
      <object_component id="oc-12a">
         <name>.debug_str</name>
         <load_address>0xdaf</load_address>
         <run_address>0xdaf</run_address>
         <size>0x141</size>
         <input_file_ref idref="fl-d4"/>
      </object_component>
      <object_component id="oc-48">
         <name>.debug_str</name>
         <load_address>0xef0</load_address>
         <run_address>0xef0</run_address>
         <size>0x10c</size>
         <input_file_ref idref="fl-d5"/>
      </object_component>
      <object_component id="oc-b2">
         <name>.debug_str</name>
         <load_address>0xffc</load_address>
         <run_address>0xffc</run_address>
         <size>0x141</size>
         <input_file_ref idref="fl-d5"/>
      </object_component>
      <object_component id="oc-38">
         <name>.debug_str</name>
         <load_address>0x113d</load_address>
         <run_address>0x113d</run_address>
         <size>0x119</size>
         <input_file_ref idref="fl-d6"/>
      </object_component>
      <object_component id="oc-123">
         <name>.debug_str</name>
         <load_address>0x1256</load_address>
         <run_address>0x1256</run_address>
         <size>0x16c</size>
         <input_file_ref idref="fl-d6"/>
      </object_component>
      <object_component id="oc-ab">
         <name>.debug_str</name>
         <load_address>0x13c2</load_address>
         <run_address>0x13c2</run_address>
         <size>0x159</size>
         <input_file_ref idref="fl-d6"/>
      </object_component>
      <object_component id="oc-1c4">
         <name>.debug_str</name>
         <load_address>0x151b</load_address>
         <run_address>0x151b</run_address>
         <size>0xee</size>
         <input_file_ref idref="fl-da"/>
      </object_component>
      <object_component id="oc-1da">
         <name>.debug_str</name>
         <load_address>0x1609</load_address>
         <run_address>0x1609</run_address>
         <size>0x158</size>
         <input_file_ref idref="fl-da"/>
      </object_component>
      <object_component id="oc-1c9">
         <name>.debug_str</name>
         <load_address>0x1761</load_address>
         <run_address>0x1761</run_address>
         <size>0x151</size>
         <input_file_ref idref="fl-da"/>
      </object_component>
      <object_component id="oc-1ce">
         <name>.debug_str</name>
         <load_address>0x18b2</load_address>
         <run_address>0x18b2</run_address>
         <size>0x198</size>
         <input_file_ref idref="fl-da"/>
      </object_component>
      <object_component id="oc-2d">
         <name>.debug_aranges</name>
         <load_address>0x0</load_address>
         <run_address>0x0</run_address>
         <size>0x48</size>
         <input_file_ref idref="fl-2"/>
      </object_component>
      <object_component id="oc-28">
         <name>.debug_aranges</name>
         <load_address>0x48</load_address>
         <run_address>0x48</run_address>
         <size>0x38</size>
         <input_file_ref idref="fl-3"/>
      </object_component>
      <object_component id="oc-7b">
         <name>.debug_aranges</name>
         <load_address>0x80</load_address>
         <run_address>0x80</run_address>
         <size>0x48</size>
         <input_file_ref idref="fl-4"/>
      </object_component>
      <object_component id="oc-fb">
         <name>.debug_aranges</name>
         <load_address>0xc8</load_address>
         <run_address>0xc8</run_address>
         <size>0x20</size>
         <input_file_ref idref="fl-5"/>
      </object_component>
      <object_component id="oc-8c">
         <name>.debug_aranges</name>
         <load_address>0xe8</load_address>
         <run_address>0xe8</run_address>
         <size>0x50</size>
         <input_file_ref idref="fl-9"/>
      </object_component>
      <object_component id="oc-76">
         <name>.debug_aranges</name>
         <load_address>0x138</load_address>
         <run_address>0x138</run_address>
         <size>0x50</size>
         <input_file_ref idref="fl-a"/>
      </object_component>
      <object_component id="oc-87">
         <name>.debug_aranges</name>
         <load_address>0x188</load_address>
         <run_address>0x188</run_address>
         <size>0x78</size>
         <input_file_ref idref="fl-b"/>
      </object_component>
      <object_component id="oc-111">
         <name>.debug_aranges</name>
         <load_address>0x200</load_address>
         <run_address>0x200</run_address>
         <size>0x28</size>
         <input_file_ref idref="fl-c"/>
      </object_component>
      <object_component id="oc-81">
         <name>.debug_aranges</name>
         <load_address>0x228</load_address>
         <run_address>0x228</run_address>
         <size>0x28</size>
         <input_file_ref idref="fl-d"/>
      </object_component>
      <object_component id="oc-10c">
         <name>.debug_aranges</name>
         <load_address>0x250</load_address>
         <run_address>0x250</run_address>
         <size>0x58</size>
         <input_file_ref idref="fl-f"/>
      </object_component>
      <object_component id="oc-104">
         <name>.debug_aranges</name>
         <load_address>0x2a8</load_address>
         <run_address>0x2a8</run_address>
         <size>0x20</size>
         <input_file_ref idref="fl-15"/>
      </object_component>
      <object_component id="oc-e8">
         <name>.debug_aranges</name>
         <load_address>0x2c8</load_address>
         <run_address>0x2c8</run_address>
         <size>0x20</size>
         <input_file_ref idref="fl-cd"/>
      </object_component>
      <object_component id="oc-de">
         <name>.debug_aranges</name>
         <load_address>0x2e8</load_address>
         <run_address>0x2e8</run_address>
         <size>0x20</size>
         <input_file_ref idref="fl-ce"/>
      </object_component>
      <object_component id="oc-e3">
         <name>.debug_aranges</name>
         <load_address>0x308</load_address>
         <run_address>0x308</run_address>
         <size>0x20</size>
         <input_file_ref idref="fl-cf"/>
      </object_component>
      <object_component id="oc-ed">
         <name>.debug_aranges</name>
         <load_address>0x328</load_address>
         <run_address>0x328</run_address>
         <size>0x20</size>
         <input_file_ref idref="fl-d0"/>
      </object_component>
      <object_component id="oc-f1">
         <name>.debug_aranges</name>
         <load_address>0x348</load_address>
         <run_address>0x348</run_address>
         <size>0x20</size>
         <input_file_ref idref="fl-d1"/>
      </object_component>
      <object_component id="oc-f6">
         <name>.debug_aranges</name>
         <load_address>0x368</load_address>
         <run_address>0x368</run_address>
         <size>0x20</size>
         <input_file_ref idref="fl-d2"/>
      </object_component>
      <object_component id="oc-d8">
         <name>.debug_aranges</name>
         <load_address>0x388</load_address>
         <run_address>0x388</run_address>
         <size>0x20</size>
         <input_file_ref idref="fl-d3"/>
      </object_component>
      <object_component id="oc-4b">
         <name>.debug_aranges</name>
         <load_address>0x3a8</load_address>
         <run_address>0x3a8</run_address>
         <size>0x20</size>
         <input_file_ref idref="fl-d4"/>
      </object_component>
      <object_component id="oc-1a">
         <name>.debug_aranges</name>
         <load_address>0x3c8</load_address>
         <run_address>0x3c8</run_address>
         <size>0x20</size>
         <input_file_ref idref="fl-d5"/>
      </object_component>
      <object_component id="oc-17">
         <name>.debug_aranges</name>
         <load_address>0x3e8</load_address>
         <run_address>0x3e8</run_address>
         <size>0x20</size>
         <input_file_ref idref="fl-d6"/>
      </object_component>
      <object_component id="oc-5d">
         <name>.debug_aranges</name>
         <load_address>0x408</load_address>
         <run_address>0x408</run_address>
         <size>0x20</size>
         <input_file_ref idref="fl-d7"/>
      </object_component>
      <object_component id="oc-40">
         <name>.debug_aranges</name>
         <load_address>0x428</load_address>
         <run_address>0x428</run_address>
         <size>0x20</size>
         <input_file_ref idref="fl-d9"/>
      </object_component>
      <object_component id="oc-13e">
         <name>.debug_aranges</name>
         <load_address>0x448</load_address>
         <run_address>0x448</run_address>
         <size>0x20</size>
         <input_file_ref idref="fl-da"/>
      </object_component>
      <object_component id="oc-c5">
         <name>.debug_aranges</name>
         <load_address>0x468</load_address>
         <run_address>0x468</run_address>
         <size>0x20</size>
         <input_file_ref idref="fl-db"/>
      </object_component>
      <object_component id="oc-132">
         <name>.debug_aranges</name>
         <load_address>0x488</load_address>
         <run_address>0x488</run_address>
         <size>0x20</size>
         <input_file_ref idref="fl-dd"/>
      </object_component>
      <object_component id="oc-94">
         <name>.debug_pubnames</name>
         <load_address>0x0</load_address>
         <run_address>0x0</run_address>
         <size>0x20</size>
         <input_file_ref idref="fl-2"/>
      </object_component>
      <object_component id="oc-91">
         <name>.debug_pubnames</name>
         <load_address>0x20</load_address>
         <run_address>0x20</run_address>
         <size>0x6e</size>
         <input_file_ref idref="fl-2"/>
      </object_component>
      <object_component id="oc-2c">
         <name>.debug_pubnames</name>
         <load_address>0x8e</load_address>
         <run_address>0x8e</run_address>
         <size>0x7f</size>
         <input_file_ref idref="fl-2"/>
      </object_component>
      <object_component id="oc-11">
         <name>.debug_pubnames</name>
         <load_address>0x10d</load_address>
         <run_address>0x10d</run_address>
         <size>0x23</size>
         <input_file_ref idref="fl-3"/>
      </object_component>
      <object_component id="oc-29">
         <name>.debug_pubnames</name>
         <load_address>0x130</load_address>
         <run_address>0x130</run_address>
         <size>0x4c</size>
         <input_file_ref idref="fl-3"/>
      </object_component>
      <object_component id="oc-7a">
         <name>.debug_pubnames</name>
         <load_address>0x17c</load_address>
         <run_address>0x17c</run_address>
         <size>0xa9</size>
         <input_file_ref idref="fl-4"/>
      </object_component>
      <object_component id="oc-fc">
         <name>.debug_pubnames</name>
         <load_address>0x225</load_address>
         <run_address>0x225</run_address>
         <size>0x1f</size>
         <input_file_ref idref="fl-5"/>
      </object_component>
      <object_component id="oc-8b">
         <name>.debug_pubnames</name>
         <load_address>0x244</load_address>
         <run_address>0x244</run_address>
         <size>0xaf</size>
         <input_file_ref idref="fl-9"/>
      </object_component>
      <object_component id="oc-75">
         <name>.debug_pubnames</name>
         <load_address>0x2f3</load_address>
         <run_address>0x2f3</run_address>
[...]
            <object_component_ref idref="oc-1cb"/>
         </contents>
      </logical_group>
      <load_segment id="lg-213" display="no" color="cyan">
         <name>SEGMENT_0</name>
         <load_address>0x0</load_address>
         <run_address>0x0</run_address>
         <size>0x1738</size>
         <flags>0x5</flags>
         <contents>
            <logical_group_ref idref="lg-3"/>
            <logical_group_ref idref="lg-4"/>
            <logical_group_ref idref="lg-5"/>
            <logical_group_ref idref="lg-6"/>
         </contents>
      </load_segment>
      <load_segment id="lg-214" display="no" color="cyan">
         <name>SEGMENT_1</name>
         <run_address>0x20000000</run_address>
         <size>0x21a</size>
         <flags>0x6</flags>
         <contents>
            <logical_group_ref idref="lg-d"/>
            <logical_group_ref idref="lg-b"/>
            <logical_group_ref idref="lg-a"/>
         </contents>
      </load_segment>
   </logical_group_list>
   <placement_map>
      <memory_area display="yes" color="green">
         <name>FLASH</name>
         <page_id>0x0</page_id>
         <origin>0x0</origin>
         <length>0x40000</length>
         <used_space>0x1732</used_space>
         <unused_space>0x3e8ce</unused_space>
         <attributes>RX</attributes>
         <usage_details>
            <allocated_space>
               <start_address>0x0</start_address>
               <size>0x26c</size>
               <logical_group_ref idref="lg-3"/>
            </allocated_space>
            <allocated_space>
               <start_address>0x26c</start_address>
               <size>0x1486</size>
               <logical_group_ref idref="lg-4"/>
            </allocated_space>
            <available_space>
               <start_address>0x16f2</start_address>
               <size>0x2</size>
            </available_space>
            <allocated_space>
               <start_address>0x16f4</start_address>
               <size>0x10</size>
               <logical_group_ref idref="lg-5"/>
            </allocated_space>
            <available_space>
               <start_address>0x1704</start_address>
               <size>0x4</size>
            </available_space>
            <allocated_space>
               <start_address>0x1708</start_address>
               <size>0x30</size>
               <logical_group_ref idref="lg-6"/>
            </allocated_space>
            <available_space>
               <start_address>0x1738</start_address>
               <size>0x3e8c8</size>
            </available_space>
         </usage_details>
      </memory_area>
      <memory_area display="yes" color="green">
         <name>SRAM</name>
         <page_id>0x0</page_id>
         <origin>0x20000000</origin>
         <length>0x8000</length>
         <used_space>0x21a</used_space>
         <unused_space>0x7de6</unused_space>
         <attributes>RWX</attributes>
         <usage_details>
            <allocated_space>
               <start_address>0x20000000</start_address>
               <size>0x200</size>
               <logical_group_ref idref="lg-d"/>
            </allocated_space>
            <allocated_space>
               <start_address>0x20000200</start_address>
               <size>0x10</size>
               <logical_group_ref idref="lg-b"/>
            </allocated_space>
            <allocated_space>
               <start_address>0x20000210</start_address>
               <size>0xa</size>
               <logical_group_ref idref="lg-a"/>
            </allocated_space>
            <available_space>
               <start_address>0x2000021a</start_address>
               <size>0x7de6</size>
            </available_space>
         </usage_details>
      </memory_area>
   </placement_map>
   <cptbl_list>
      <cptbl>
         <name>__TI_cinit_table</name>
         <cprec>
            <name>.data</name>
            <load_address>0x1714</load_address>
            <load_size>0xa</load_size>
            <run_address>0x20000210</run_address>
            <run_size>0xa</run_size>
            <compression>lzss</compression>
         </cprec>
         <cprec>
            <name>.bss</name>
            <load_address>0x1720</load_address>
            <load_size>0x8</load_size>
            <run_address>0x20000200</run_address>
            <run_size>0x10</run_size>
            <compression>zero_init</compression>
         </cprec>
      </cptbl>
   </cptbl_list>
   <handler_table>
      <handler_table_name>__TI_handler_table</handler_table_name>
      <handler>
         <index>0x0</index>
         <name>__TI_decompress_lzss</name>
      </handler>
      <handler>
         <index>0x1</index>
         <name>__TI_decompress_none</name>
      </handler>
      <handler>
         <index>0x2</index>
         <name>__TI_zero_init</name>
      </handler>
   </handler_table>
   <symbol_table>
      <symbol id="sm-1">
         <name>__STACK_TOP</name>
         <value>0x20000200</value>
      </symbol>
      <symbol id="sm-2">
         <name>__TI_CINIT_Base</name>
         <value>0x1728</value>
      </symbol>
      <symbol id="sm-3">
         <name>__TI_CINIT_Limit</name>
         <value>0x1738</value>
      </symbol>
      <symbol id="sm-4">
         <name>__TI_Handler_Table_Base</name>
         <value>0x1708</value>
      </symbol>
      <symbol id="sm-5">
         <name>__TI_Handler_Table_Limit</name>
         <value>0x1714</value>
      </symbol>
      <symbol id="sm-6">
         <name>binit</name>
         <value>0xffffffff</value>
      </symbol>
      <symbol id="sm-7">
         <name>__binit__</name>
         <value>0xffffffff</value>
      </symbol>
      <symbol id="sm-8">
         <name>__STACK_SIZE</name>
         <value>0x200</value>
      </symbol>
      <symbol id="sm-9">
         <name>__STACK_END</name>
         <value>0x20000200</value>
      </symbol>
      <symbol id="sm-a">
         <name>__c_args__</name>
         <value>0xffffffff</value>
      </symbol>
      <symbol id="sm-b">
         <name>__TI_pprof_out_hndl</name>
         <value>0xffffffff</value>
      </symbol>
      <symbol id="sm-c">
         <name>__TI_prof_data_start</name>
         <value>0xffffffff</value>
      </symbol>
      <symbol id="sm-d">
         <name>__TI_prof_data_size</name>
         <value>0xffffffff</value>
      </symbol>
      <symbol id="sm-67">
         <name>parameter</name>
         <value>0x20000200</value>
      </symbol>
      <symbol id="sm-68">
         <name>ADC0SS3Handler</name>
         <value>0xe91</value>
         <object_component_ref idref="oc-2a"/>
      </symbol>
      <symbol id="sm-69">
         <name>debouncingCount</name>
         <value>0x20000216</value>
         <object_component_ref idref="oc-8f"/>
      </symbol>
      <symbol id="sm-6a">
         <name>onOffPedal</name>
         <value>0x20000215</value>
         <object_component_ref idref="oc-8f"/>
      </symbol>
      <symbol id="sm-6b">
         <name>output</name>
         <value>0x20000212</value>
         <object_component_ref idref="oc-8f"/>
      </symbol>
      <symbol id="sm-6c">
         <name>GPIOPortAIntHandler</name>
         <value>0xeeb</value>
         <object_component_ref idref="oc-2a"/>
      </symbol>
      <symbol id="sm-6d">
         <name>pedalMode</name>
         <value>0x20000214</value>
         <object_component_ref idref="oc-8f"/>
      </symbol>
      <symbol id="sm-6e">
         <name>main</name>
         <value>0xf29</value>
         <object_component_ref idref="oc-2a"/>
      </symbol>
      <symbol id="sm-6f">
         <name>Timer1AHandler</name>
         <value>0xecb</value>
         <object_component_ref idref="oc-2a"/>
      </symbol>
      <symbol id="sm-70">
         <name>mode</name>
         <value>0x20000218</value>
         <object_component_ref idref="oc-8f"/>
      </symbol>
      <symbol id="sm-71">
         <name>Timer2AHandler</name>
         <value>0xedf</value>
         <object_component_ref idref="oc-2a"/>
      </symbol>
      <symbol id="sm-72">
         <name>input</name>
         <value>0x20000210</value>
         <object_component_ref idref="oc-8f"/>
      </symbol>
      <symbol id="sm-73">
         <name>ADC1SS2Handler</name>
         <value>0xebf</value>
         <object_component_ref idref="oc-2a"/>
      </symbol>
      <symbol id="sm-74">
         <name>bypassed</name>
         <value>0x20000219</value>
         <object_component_ref idref="oc-8f"/>
      </symbol>
      <symbol id="sm-95">
         <name>ResetISR</name>
         <value>0x16d9</value>
         <object_component_ref idref="oc-24"/>
      </symbol>
      <symbol id="sm-96">
         <name>g_pfnVectors</name>
         <value>0x0</value>
         <object_component_ref idref="oc-f"/>
      </symbol>
      <symbol id="sm-d2">
         <name>AudioProcessSampleBySample</name>
         <value>0x26d</value>
         <object_component_ref idref="oc-77"/>
      </symbol>
      <symbol id="sm-d3">
         <name>SoftClippingEffect2</name>
         <value>0x557</value>
         <object_component_ref idref="oc-77"/>
      </symbol>
      <symbol id="sm-d4">
         <name>SoftClippingEffect1</name>
         <value>0x48f</value>
         <object_component_ref idref="oc-77"/>
      </symbol>
      <symbol id="sm-d5">
         <name>TanhDistortionEffect</name>
         <value>0x64d</value>
         <object_component_ref idref="oc-77"/>
      </symbol>
      <symbol id="sm-d6">
         <name>HardClippingEffect</name>
         <value>0x407</value>
         <object_component_ref idref="oc-77"/>
      </symbol>
      <symbol id="sm-d7">
         <name>ParameterProcessing</name>
         <value>0x321</value>
         <object_component_ref idref="oc-77"/>
      </symbol>
      <symbol id="sm-e7">
         <name>FastTanh</name>
         <value>0x127d</value>
         <object_component_ref idref="oc-f9"/>
      </symbol>
      <symbol id="sm-112">
         <name>LEDIndicator</name>
         <value>0x8f7</value>
         <object_component_ref idref="oc-89"/>
      </symbol>
      <symbol id="sm-113">
         <name>GPIOSwitchInterruptEnable</name>
         <value>0x8c3</value>
         <object_component_ref idref="oc-89"/>
      </symbol>
      <symbol id="sm-114">
         <name>GeneralConfigure</name>
         <value>0x759</value>
         <object_component_ref idref="oc-89"/>
      </symbol>
      <symbol id="sm-115">
         <name>Timer0A_ADCConfigure</name>
         <value>0x7bd</value>
         <object_component_ref idref="oc-89"/>
      </symbol>
      <symbol id="sm-116">
         <name>Timer2A_SSIConfigure</name>
         <value>0x833</value>
         <object_component_ref idref="oc-89"/>
      </symbol>
      <symbol id="sm-117">
         <name>Timer1A_Configure</name>
         <value>0x7f1</value>
         <object_component_ref idref="oc-89"/>
      </symbol>
      <symbol id="sm-118">
         <name>ADCConfigure</name>
         <value>0x877</value>
         <object_component_ref idref="oc-89"/>
      </symbol>
      <symbol id="sm-132">
         <name>ADCSS2ClearInterruptFlag</name>
         <value>0xe71</value>
         <object_component_ref idref="oc-71"/>
      </symbol>
      <symbol id="sm-133">
         <name>ADCClockEnable</name>
         <value>0xd41</value>
         <object_component_ref idref="oc-71"/>
      </symbol>
      <symbol id="sm-134">
         <name>ADCSS2Configure</name>
         <value>0xd55</value>
         <object_component_ref idref="oc-71"/>
      </symbol>
      <symbol id="sm-135">
         <name>ADCSS2ReturnData</name>
         <value>0xe0f</value>
         <object_component_ref idref="oc-71"/>
      </symbol>
      <symbol id="sm-136">
         <name>ADCSS3ReturnData</name>
         <value>0xdff</value>
         <object_component_ref idref="oc-71"/>
      </symbol>
      <symbol id="sm-137">
         <name>ADCSS3Configure</name>
         <value>0xdad</value>
         <object_component_ref idref="oc-71"/>
      </symbol>
      <symbol id="sm-138">
         <name>ADCClearInterruptFlag</name>
         <value>0xe5b</value>
         <object_component_ref idref="oc-71"/>
      </symbol>
      <symbol id="sm-152">
         <name>GPIOAnalogModeSelect</name>
         <value>0xccf</value>
         <object_component_ref idref="oc-83"/>
      </symbol>
      <symbol id="sm-153">
         <name>GPIOPulldownResisterEnable</name>
         <value>0xc9f</value>
         <object_component_ref idref="oc-83"/>
      </symbol>
      <symbol id="sm-154">
         <name>GPIOAlternativeFuncEnable</name>
         <value>0xcb7</value>
         <object_component_ref idref="oc-83"/>
      </symbol>
      <symbol id="sm-155">
         <name>GPIOInterruptEnable</name>
         <value>0xce7</value>
         <object_component_ref idref="oc-83"/>
      </symbol>
      <symbol id="sm-156">
         <name>GPIOPinUnlock</name>
         <value>0xc61</value>
         <object_component_ref idref="oc-83"/>
      </symbol>
      <symbol id="sm-157">
         <name>GPIOPinToggle</name>
         <value>0xc3f</value>
         <object_component_ref idref="oc-83"/>
      </symbol>
      <symbol id="sm-158">
         <name>GPIOPinRead</name>
         <value>0xc27</value>
         <object_component_ref idref="oc-83"/>
      </symbol>
      <symbol id="sm-159">
         <name>GPIOPinWrite</name>
         <value>0xc07</value>
         <object_component_ref idref="oc-83"/>
      </symbol>
      <symbol id="sm-15a">
         <name>GPIOIntPinStatus</name>
         <value>0xd25</value>
         <object_component_ref idref="oc-83"/>
      </symbol>
      <symbol id="sm-15b">
         <name>GPIOPeripheralEnable</name>
         <value>0xb99</value>
         <object_component_ref idref="oc-83"/>
      </symbol>
      <symbol id="sm-15c">
         <name>GPIOSetMode</name>
         <value>0xbbd</value>
         <object_component_ref idref="oc-83"/>
      </symbol>
      <symbol id="sm-15d">
         <name>GPIOPullupResisterEnable</name>
         <value>0xc87</value>
         <object_component_ref idref="oc-83"/>
      </symbol>
      <symbol id="sm-174">
         <name>NVICIntCheck</name>
         <value>0x15d9</value>
         <object_component_ref idref="oc-10f"/>
      </symbol>
      <symbol id="sm-175">
         <name>NVICInterruptEnable</name>
         <value>0x15b9</value>
         <object_component_ref idref="oc-10f"/>
      </symbol>
      <symbol id="sm-18a">
         <name>SSI1_FrameConfigure</name>
         <value>0x13bd</value>
         <object_component_ref idref="oc-7d"/>
      </symbol>
      <symbol id="sm-18b">
         <name>SSI1_16bitWrite</name>
         <value>0x1417</value>
         <object_component_ref idref="oc-7d"/>
      </symbol>
      <symbol id="sm-1a3">
         <name>TimerLoadSet</name>
         <value>0x1029</value>
         <object_component_ref idref="oc-109"/>
      </symbol>
      <symbol id="sm-1a4">
         <name>TimerADCEnable</name>
         <value>0x100b</value>
         <object_component_ref idref="oc-109"/>
      </symbol>
      <symbol id="sm-1a5">
         <name>TimerEnable</name>
         <value>0xfed</value>
         <object_component_ref idref="oc-109"/>
      </symbol>
      <symbol id="sm-1a6">
         <name>getTimerAValue</name>
         <value>0x106d</value>
         <object_component_ref idref="oc-109"/>
      </symbol>
      <symbol id="sm-1a7">
         <name>getTimerBValue</name>
         <value>0x107b</value>
         <object_component_ref idref="oc-109"/>
      </symbol>
      <symbol id="sm-1a8">
         <name>TimerPeripheralEnable</name>
         <value>0xf91</value>
         <object_component_ref idref="oc-109"/>
      </symbol>
      <symbol id="sm-1a9">
         <name>TimerInterruptEnable</name>
         <value>0x1053</value>
         <object_component_ref idref="oc-109"/>
      </symbol>
      <symbol id="sm-1aa">
         <name>TimerConfigure</name>
         <value>0xfa5</value>
         <object_component_ref idref="oc-109"/>
      </symbol>
      <symbol id="sm-1d1">
         <name>SysCtlClockSet</name>
         <value>0x1189</value>
         <object_component_ref idref="oc-103"/>
      </symbol>
      <symbol id="sm-1d2">
         <name>SysCtlDelay</name>
         <value>0x16e5</value>
         <object_component_ref idref="oc-179"/>
      </symbol>
      <symbol id="sm-1eb">
         <name>__aeabi_dsub</name>
         <value>0x9e1</value>
         <object_component_ref idref="oc-e5"/>
      </symbol>
      <symbol id="sm-1ec">
         <name>__aeabi_dadd</name>
         <value>0x9eb</value>
         <object_component_ref idref="oc-e5"/>
      </symbol>
      <symbol id="sm-1f7">
         <name>__aeabi_dmul</name>
         <value>0x108d</value>
         <object_component_ref idref="oc-db"/>
      </symbol>
      <symbol id="sm-201">
         <name>__aeabi_d2iz</name>
         <value>0x152b</value>
         <object_component_ref idref="oc-e0"/>
      </symbol>
      <symbol id="sm-20d">
         <name>__aeabi_d2f</name>
         <value>0x1455</value>
         <object_component_ref idref="oc-ea"/>
      </symbol>
      <symbol id="sm-218">
         <name>__aeabi_f2d</name>
         <value>0x15f5</value>
         <object_component_ref idref="oc-ef"/>
      </symbol>
      <symbol id="sm-222">
         <name>__aeabi_i2d</name>
         <value>0x1661</value>
         <object_component_ref idref="oc-f4"/>
      </symbol>
      <symbol id="sm-22c">
         <name>__aeabi_ui2d</name>
         <value>0x168f</value>
         <object_component_ref idref="oc-d6"/>
      </symbol>
      <symbol id="sm-245">
         <name>__TI_zero_init_nomemset</name>
         <value>0x16af</value>
         <object_component_ref idref="oc-4a"/>
      </symbol>
      <symbol id="sm-25c">
         <name>__TI_decompress_none</name>
         <value>0x16cb</value>
         <object_component_ref idref="oc-18"/>
      </symbol>
      <symbol id="sm-27f">
         <name>__TI_decompress_lzss</name>
         <value>0x14c3</value>
         <object_component_ref idref="oc-12"/>
      </symbol>
      <symbol id="sm-292">
         <name>__stack</name>
         <value>0x20000000</value>
         <object_component_ref idref="oc-21"/>
      </symbol>
      <symbol id="sm-293">
         <name>_c_int00_noargs</name>
         <value>0x162d</value>
         <object_component_ref idref="oc-5c"/>
      </symbol>
      <symbol id="sm-2af">
         <name>memcpy</name>
         <value>0x1321</value>
         <object_component_ref idref="oc-3e"/>
      </symbol>
      <symbol id="sm-2b0">
         <name>__aeabi_memcpy</name>
         <value>0x1321</value>
         <object_component_ref idref="oc-3e"/>
      </symbol>
      <symbol id="sm-2b1">
         <name>__aeabi_memcpy8</name>
         <value>0x1321</value>
         <object_component_ref idref="oc-3e"/>
      </symbol>
      <symbol id="sm-2b2">
         <name>__aeabi_memcpy4</name>
         <value>0x1321</value>
         <object_component_ref idref="oc-3e"/>
      </symbol>
      <symbol id="sm-2da">
         <name>__TI_auto_init_nobinit_nopinit</name>
         <value>0x1575</value>
         <object_component_ref idref="oc-13b"/>
      </symbol>
      <symbol id="sm-2e4">
         <name>_system_pre_init</name>
         <value>0x16eb</value>
         <object_component_ref idref="oc-c2"/>
      </symbol>
      <symbol id="sm-2f0">
         <name>C$$EXIT</name>
         <value>0x16ef</value>
         <object_component_ref idref="oc-12f"/>
      </symbol>
      <symbol id="sm-2f1">
         <name>abort</name>
         <value>0x16ef</value>
         <object_component_ref idref="oc-12f"/>
      </symbol>
      <symbol id="sm-2f4">
         <name>__TI_static_base__</name>
         <value>0x0</value>
      </symbol>
      <symbol id="sm-2f7">
         <name>__mpu_init</name>
         <value>0x0</value>
      </symbol>
      <symbol id="sm-2f8">
         <name>_system_post_cinit</name>
         <value>0x0</value>
      </symbol>
   </symbol_table>
   <title>Link successful</title>
</link_info>
